Component: ARM Compiler 5.06 update 5 (build 528) Tool: armlink [4d35e2]

==============================================================================

Section Cross References

    startup_stm32h743xx.o(STACK) refers (Special) to heapauxi.o(.text) for __use_two_region_memory
    startup_stm32h743xx.o(HEAP) refers (Special) to heapauxi.o(.text) for __use_two_region_memory
    startup_stm32h743xx.o(RESET) refers (Special) to heapauxi.o(.text) for __use_two_region_memory
    startup_stm32h743xx.o(RESET) refers to startup_stm32h743xx.o(STACK) for __initial_sp
    startup_stm32h743xx.o(RESET) refers to startup_stm32h743xx.o(.text) for Reset_Handler
    startup_stm32h743xx.o(RESET) refers to stm32h7xx_it.o(i.NMI_Handler) for NMI_Handler
    startup_stm32h743xx.o(RESET) refers to stm32h7xx_it.o(i.HardFault_Handler) for HardFault_Handler
    startup_stm32h743xx.o(RESET) refers to stm32h7xx_it.o(i.MemManage_Handler) for MemManage_Handler
    startup_stm32h743xx.o(RESET) refers to stm32h7xx_it.o(i.BusFault_Handler) for BusFault_Handler
    startup_stm32h743xx.o(RESET) refers to stm32h7xx_it.o(i.UsageFault_Handler) for UsageFault_Handler
    startup_stm32h743xx.o(RESET) refers to port.o(.emb_text) for SVC_Handler
    startup_stm32h743xx.o(RESET) refers to stm32h7xx_it.o(i.DebugMon_Handler) for DebugMon_Handler
    startup_stm32h743xx.o(RESET) refers to port.o(i.SysTick_Handler) for SysTick_Handler
    startup_stm32h743xx.o(RESET) refers to stm32h7xx_it.o(i.DMA1_Stream0_IRQHandler) for DMA1_Stream0_IRQHandler
    startup_stm32h743xx.o(RESET) refers to stm32h7xx_it.o(i.DMA1_Stream1_IRQHandler) for DMA1_Stream1_IRQHandler
    startup_stm32h743xx.o(RESET) refers to stm32h7xx_it.o(i.DMA1_Stream2_IRQHandler) for DMA1_Stream2_IRQHandler
    startup_stm32h743xx.o(RESET) refers to stm32h7xx_it.o(i.DMA1_Stream3_IRQHandler) for DMA1_Stream3_IRQHandler
    startup_stm32h743xx.o(RESET) refers to stm32h7xx_it.o(i.DMA1_Stream4_IRQHandler) for DMA1_Stream4_IRQHandler
    startup_stm32h743xx.o(RESET) refers to stm32h7xx_it.o(i.DMA1_Stream5_IRQHandler) for DMA1_Stream5_IRQHandler
    startup_stm32h743xx.o(RESET) refers to stm32h7xx_it.o(i.DMA1_Stream6_IRQHandler) for DMA1_Stream6_IRQHandler
    startup_stm32h743xx.o(RESET) refers to stm32h7xx_it.o(i.TIM2_IRQHandler) for TIM2_IRQHandler
    startup_stm32h743xx.o(RESET) refers to stm32h7xx_it.o(i.TIM3_IRQHandler) for TIM3_IRQHandler
    startup_stm32h743xx.o(RESET) refers to stm32h7xx_it.o(i.TIM4_IRQHandler) for TIM4_IRQHandler
    startup_stm32h743xx.o(RESET) refers to stm32h7xx_it.o(i.USART1_IRQHandler) for USART1_IRQHandler
    startup_stm32h743xx.o(RESET) refers to stm32h7xx_it.o(i.USART2_IRQHandler) for USART2_IRQHandler
    startup_stm32h743xx.o(RESET) refers to stm32h7xx_it.o(i.USART3_IRQHandler) for USART3_IRQHandler
    startup_stm32h743xx.o(RESET) refers to stm32h7xx_it.o(i.DMA1_Stream7_IRQHandler) for DMA1_Stream7_IRQHandler
    startup_stm32h743xx.o(RESET) refers to stm32h7xx_it.o(i.TIM5_IRQHandler) for TIM5_IRQHandler
    startup_stm32h743xx.o(RESET) refers to stm32h7xx_it.o(i.UART4_IRQHandler) for UART4_IRQHandler
    startup_stm32h743xx.o(RESET) refers to stm32h7xx_it.o(i.UART5_IRQHandler) for UART5_IRQHandler
    startup_stm32h743xx.o(RESET) refers to stm32h7xx_it.o(i.DMA2_Stream0_IRQHandler) for DMA2_Stream0_IRQHandler
    startup_stm32h743xx.o(RESET) refers to stm32h7xx_it.o(i.DMA2_Stream1_IRQHandler) for DMA2_Stream1_IRQHandler
    startup_stm32h743xx.o(RESET) refers to stm32h7xx_it.o(i.DMA2_Stream2_IRQHandler) for DMA2_Stream2_IRQHandler
    startup_stm32h743xx.o(RESET) refers to stm32h7xx_it.o(i.USART6_IRQHandler) for USART6_IRQHandler
    startup_stm32h743xx.o(RESET) refers to stm32h7xx_it.o(i.UART7_IRQHandler) for UART7_IRQHandler
    startup_stm32h743xx.o(RESET) refers to stm32h7xx_it.o(i.UART8_IRQHandler) for UART8_IRQHandler
    startup_stm32h743xx.o(RESET) refers to stm32h7xx_it.o(i.TIM17_IRQHandler) for TIM17_IRQHandler
    startup_stm32h743xx.o(.text) refers (Special) to heapauxi.o(.text) for __use_two_region_memory
    startup_stm32h743xx.o(.text) refers to system_stm32h7xx.o(i.SystemInit) for SystemInit
    startup_stm32h743xx.o(.text) refers to __main.o(!!!main) for __main
    startup_stm32h743xx.o(.text) refers to startup_stm32h743xx.o(HEAP) for Heap_Mem
    startup_stm32h743xx.o(.text) refers to startup_stm32h743xx.o(STACK) for Stack_Mem
    main.o(i.HAL_TIM_PeriodElapsedCallback) refers to my_uart.o(i.A1_All_Send) for A1_All_Send
    main.o(i.HAL_TIM_PeriodElapsedCallback) refers to imu.o(i.Euler_Update) for Euler_Update
    main.o(i.HAL_TIM_PeriodElapsedCallback) refers to fsm.o(i.DogFSM) for DogFSM
    main.o(i.HAL_TIM_PeriodElapsedCallback) refers to dog.o(i.ano_tc) for ano_tc
    main.o(i.HAL_TIM_PeriodElapsedCallback) refers to my_uart.o(i.usart_reset) for usart_reset
    main.o(i.HAL_TIM_PeriodElapsedCallback) refers to stm32h7xx_hal.o(i.HAL_IncTick) for HAL_IncTick
    main.o(i.HAL_TIM_PeriodElapsedCallback) refers to tim.o(.bss) for htim2
[...]
    HAL_TIMEx_BreakCallback                  0x08008c63   Thumb Code     2  stm32h7xx_hal_tim_ex.o(i.HAL_TIMEx_BreakCallback)
    HAL_TIMEx_CommutCallback                 0x08008c65   Thumb Code     2  stm32h7xx_hal_tim_ex.o(i.HAL_TIMEx_CommutCallback)
    HAL_TIMEx_MasterConfigSynchronization    0x08008c69   Thumb Code   174  stm32h7xx_hal_tim_ex.o(i.HAL_TIMEx_MasterConfigSynchronization)
    HAL_TIM_Base_Init                        0x08008d35   Thumb Code   110  stm32h7xx_hal_tim.o(i.HAL_TIM_Base_Init)
    HAL_TIM_Base_MspInit                     0x08008da5   Thumb Code   220  tim.o(i.HAL_TIM_Base_MspInit)
    HAL_TIM_Base_Start_IT                    0x08008e91   Thumb Code   146  stm32h7xx_hal_tim.o(i.HAL_TIM_Base_Start_IT)
    HAL_TIM_ConfigClockSource                0x08008f45   Thumb Code   304  stm32h7xx_hal_tim.o(i.HAL_TIM_ConfigClockSource)
    HAL_TIM_IC_CaptureCallback               0x08009079   Thumb Code     2  stm32h7xx_hal_tim.o(i.HAL_TIM_IC_CaptureCallback)
    HAL_TIM_IRQHandler                       0x0800907b   Thumb Code   440  stm32h7xx_hal_tim.o(i.HAL_TIM_IRQHandler)
    HAL_TIM_OC_DelayElapsedCallback          0x08009233   Thumb Code     2  stm32h7xx_hal_tim.o(i.HAL_TIM_OC_DelayElapsedCallback)
    HAL_TIM_PWM_PulseFinishedCallback        0x08009235   Thumb Code     2  stm32h7xx_hal_tim.o(i.HAL_TIM_PWM_PulseFinishedCallback)
    HAL_TIM_PeriodElapsedCallback            0x08009239   Thumb Code    64  main.o(i.HAL_TIM_PeriodElapsedCallback)
    HAL_TIM_TriggerCallback                  0x08009291   Thumb Code     2  stm32h7xx_hal_tim.o(i.HAL_TIM_TriggerCallback)
    HAL_UARTEx_DisableFifoMode               0x08009293   Thumb Code    78  stm32h7xx_hal_uart_ex.o(i.HAL_UARTEx_DisableFifoMode)
    HAL_UARTEx_EnableFifoMode                0x080092e1   Thumb Code    88  stm32h7xx_hal_uart_ex.o(i.HAL_UARTEx_EnableFifoMode)
    HAL_UARTEx_ReceiveToIdle_DMA             0x08009339   Thumb Code    98  stm32h7xx_hal_uart_ex.o(i.HAL_UARTEx_ReceiveToIdle_DMA)
    HAL_UARTEx_RxEventCallback               0x0800939d   Thumb Code  1224  my_uart.o(i.HAL_UARTEx_RxEventCallback)
    HAL_UARTEx_RxFifoFullCallback            0x08009869   Thumb Code     2  stm32h7xx_hal_uart_ex.o(i.HAL_UARTEx_RxFifoFullCallback)
    HAL_UARTEx_SetRxFifoThreshold            0x0800986b   Thumb Code    94  stm32h7xx_hal_uart_ex.o(i.HAL_UARTEx_SetRxFifoThreshold)
    HAL_UARTEx_SetTxFifoThreshold            0x080098c9   Thumb Code    94  stm32h7xx_hal_uart_ex.o(i.HAL_UARTEx_SetTxFifoThreshold)
    HAL_UARTEx_TxFifoEmptyCallback           0x08009927   Thumb Code     2  stm32h7xx_hal_uart_ex.o(i.HAL_UARTEx_TxFifoEmptyCallback)
    HAL_UARTEx_WakeupCallback                0x08009929   Thumb Code     2  stm32h7xx_hal_uart_ex.o(i.HAL_UARTEx_WakeupCallback)
    HAL_UART_DMAStop                         0x0800992b   Thumb Code   190  stm32h7xx_hal_uart.o(i.HAL_UART_DMAStop)
    HAL_UART_ErrorCallback                   0x080099e9   Thumb Code   150  my_uart.o(i.HAL_UART_ErrorCallback)
    HAL_UART_IRQHandler                      0x08009aa1   Thumb Code  1172  stm32h7xx_hal_uart.o(i.HAL_UART_IRQHandler)
    HAL_UART_Init                            0x08009f35   Thumb Code   120  stm32h7xx_hal_uart.o(i.HAL_UART_Init)
    HAL_UART_MspInit                         0x08009fad   Thumb Code  1900  usart.o(i.HAL_UART_MspInit)
    HAL_UART_RxCpltCallback                  0x0800a751   Thumb Code     2  stm32h7xx_hal_uart.o(i.HAL_UART_RxCpltCallback)
    HAL_UART_RxHalfCpltCallback              0x0800a753   Thumb Code     2  stm32h7xx_hal_uart.o(i.HAL_UART_RxHalfCpltCallback)
    HAL_UART_Transmit                        0x0800a755   Thumb Code   194  stm32h7xx_hal_uart.o(i.HAL_UART_Transmit)
    HAL_UART_Transmit_DMA                    0x0800a819   Thumb Code   148  stm32h7xx_hal_uart.o(i.HAL_UART_Transmit_DMA)
    HAL_UART_TxCpltCallback                  0x0800a8b9   Thumb Code     2  stm32h7xx_hal_uart.o(i.HAL_UART_TxCpltCallback)
    HAL_UART_TxHalfCpltCallback              0x0800a8bb   Thumb Code     2  stm32h7xx_hal_uart.o(i.HAL_UART_TxHalfCpltCallback)
    HardFault_Handler                        0x0800a8bd   Thumb Code     4  stm32h7xx_it.o(i.HardFault_Handler)
    Joint_Convert_To_Motor                   0x0800a8c1   Thumb Code   134  dog.o(i.Joint_Convert_To_Motor)
    Judge_Keep_State                         0x0800a949   Thumb Code   310  action.o(i.Judge_Keep_State)
    Jump_s                                   0x0800aa8d   Thumb Code  3364  jump.o(i.Jump_s)
    Jump_s_pos                               0x0800b7b9   Thumb Code  2112  pos_ctrl.o(i.Jump_s_pos)
    Keep_All_Leg                             0x0800c001   Thumb Code   436  action.o(i.Keep_All_Leg)
    Keep_One_Leg                             0x0800c1c1   Thumb Code   230  action.o(i.Keep_One_Leg)
    Kinematic_Inversion                      0x0800c2b1   Thumb Code   464  dog.o(i.Kinematic_Inversion)
    Kinematic_Inversion_Update               0x0800c481   Thumb Code   380  dog.o(i.Kinematic_Inversion_Update)
    Kinematic_Solution                       0x0800c605   Thumb Code   574  dog.o(i.Kinematic_Solution)
    Leg_Initpos_Reset                        0x0800c845   Thumb Code   164  dog.o(i.Leg_Initpos_Reset)
    MX_DMA_Init                              0x0800c8f1   Thumb Code   234  dma.o(i.MX_DMA_Init)
    MX_FREERTOS_Init                         0x0800c9e1   Thumb Code    78  freertos.o(i.MX_FREERTOS_Init)
    MX_GPIO_Init                             0x0800ca41   Thumb Code   234  gpio.o(i.MX_GPIO_Init)
    MX_TIM2_Init                             0x0800cb35   Thumb Code   104  tim.o(i.MX_TIM2_Init)
    MX_TIM3_Init                             0x0800cba1   Thumb Code   102  tim.o(i.MX_TIM3_Init)
    MX_TIM4_Init                             0x0800cc11   Thumb Code   104  tim.o(i.MX_TIM4_Init)
    MX_TIM5_Init                             0x0800cc81   Thumb Code   106  tim.o(i.MX_TIM5_Init)
    MX_UART4_Init                            0x0800ccf5   Thumb Code    98  usart.o(i.MX_UART4_Init)
    MX_UART5_Init                            0x0800cd65   Thumb Code    98  usart.o(i.MX_UART5_Init)
    MX_UART7_Init                            0x0800cdd5   Thumb Code    98  usart.o(i.MX_UART7_Init)
    MX_UART8_Init                            0x0800ce45   Thumb Code    98  usart.o(i.MX_UART8_Init)
    MX_USART1_UART_Init                      0x0800ceb5   Thumb Code   100  usart.o(i.MX_USART1_UART_Init)
    MX_USART2_UART_Init                      0x0800cf21   Thumb Code   100  usart.o(i.MX_USART2_UART_Init)
    MX_USART3_UART_Init                      0x0800cf8d   Thumb Code   100  usart.o(i.MX_USART3_UART_Init)
    MX_USART6_UART_Init                      0x0800cff9   Thumb Code   108  usart.o(i.MX_USART6_UART_Init)
    MemManage_Handler                        0x0800d071   Thumb Code     4  stm32h7xx_it.o(i.MemManage_Handler)
    MotorInit                                0x0800d075   Thumb Code   286  a1_motor.o(i.MotorInit)
    Motor_Convert_To_Joint                   0x0800d19d   Thumb Code   134  dog.o(i.Motor_Convert_To_Joint)
    NMI_Handler                              0x0800d57d   Thumb Code     4  stm32h7xx_it.o(i.NMI_Handler)
    PD_Control                               0x0800d581   Thumb Code   226  dog.o(i.PD_Control)
    Pitch_Pos_Offest                         0x0800d663   Thumb Code     2  walk.o(i.Pitch_Pos_Offest)
    SBUS_Rcv_Prcs                            0x0800d92d   Thumb Code   238  sbus.o(i.SBUS_Rcv_Prcs)
    SB_USART_Start                           0x0800da29   Thumb Code   200  sbus.o(i.SB_USART_Start)
    SetAllMotorMode                          0x0800dafd   Thumb Code    26  a1_motor.o(i.SetAllMotorMode)
    SetDogChangeAble                         0x0800db1d   Thumb Code     8  fsm.o(i.SetDogChangeAble)
    Set_All_Motor_Param                      0x0800db29   Thumb Code    48  a1_motor.o(i.Set_All_Motor_Param)
    Set_Motor_Target_Pos                     0x0800db5d   Thumb Code   172  dog.o(i.Set_Motor_Target_Pos)
    Set_Motor_Target_Torque                  0x0800dc11   Thumb Code   356  dog.o(i.Set_Motor_Target_Torque)
    Set_Target_Yaw                           0x0800dd81   Thumb Code     8  walk.o(i.Set_Target_Yaw)
    Set_Turning_Kp                           0x0800dd8d   Thumb Code     8  walk.o(i.Set_Turning_Kp)
    Set_Walk_Dire                            0x0800dd99   Thumb Code     6  walk.o(i.Set_Walk_Dire)
    Set_Walk_Length                          0x0800dda5   Thumb Code     8  walk.o(i.Set_Walk_Length)
    Spd_Race_Ctl                             0x0800ddb1   Thumb Code    94  freertos.o(i.Spd_Race_Ctl)
    Squat_Down                               0x0800de15   Thumb Code   576  action.o(i.Squat_Down)
    Stage_Judge                              0x0800e061   Thumb Code  1506  speed_race.o(i.Stage_Judge)
    Stand_Up                                 0x0800e66d   Thumb Code   688  action.o(i.Stand_Up)
    SysTick_Handler                          0x0800e93d   Thumb Code    46  port.o(i.SysTick_Handler)
    SystemClock_Config                       0x0800e971   Thumb Code   198  main.o(i.SystemClock_Config)
    SystemInit                               0x0800ea41   Thumb Code   212  system_stm32h7xx.o(i.SystemInit)
    TIM17_IRQHandler                         0x0800eb3d   Thumb Code    10  stm32h7xx_it.o(i.TIM17_IRQHandler)
    TIM2_IRQHandler                          0x0800eb4d   Thumb Code    10  stm32h7xx_it.o(i.TIM2_IRQHandler)
    TIM2_Start                               0x0800eb5d   Thumb Code    18  timer.o(i.TIM2_Start)
    TIM3_IRQHandler                          0x0800eb75   Thumb Code    10  stm32h7xx_it.o(i.TIM3_IRQHandler)
    TIM3_Start                               0x0800eb85   Thumb Code    46  timer.o(i.TIM3_Start)
    TIM4_IRQHandler                          0x0800ebc5   Thumb Code    10  stm32h7xx_it.o(i.TIM4_IRQHandler)
    TIM4_Start                               0x0800ebd5   Thumb Code    16  timer.o(i.TIM4_Start)
    TIM5_IRQHandler                          0x0800ebed   Thumb Code    10  stm32h7xx_it.o(i.TIM5_IRQHandler)
    TIM5_Start                               0x0800ebfd   Thumb Code    16  timer.o(i.TIM5_Start)
    TIM_Base_SetConfig                       0x0800ec15   Thumb Code   170  stm32h7xx_hal_tim.o(i.TIM_Base_SetConfig)
    TIM_ETR_SetConfig                        0x0800ece1   Thumb Code    22  stm32h7xx_hal_tim.o(i.TIM_ETR_SetConfig)
    Transverse_Correction                    0x0800ed61   Thumb Code   292  speed_race.o(i.Transverse_Correction)
    UART4_IRQHandler                         0x0800ee95   Thumb Code    10  stm32h7xx_it.o(i.UART4_IRQHandler)
    UART5_IRQHandler                         0x0800eea5   Thumb Code    10  stm32h7xx_it.o(i.UART5_IRQHandler)
    UART7_IRQHandler                         0x0800eeb5   Thumb Code    10  stm32h7xx_it.o(i.UART7_IRQHandler)
    UART8_IRQHandler                         0x0800eec5   Thumb Code    10  stm32h7xx_it.o(i.UART8_IRQHandler)
    UART_AdvFeatureConfig                    0x0800ef2d   Thumb Code   248  stm32h7xx_hal_uart.o(i.UART_AdvFeatureConfig)
    UART_CheckIdleState                      0x0800f025   Thumb Code   234  stm32h7xx_hal_uart.o(i.UART_CheckIdleState)
    UART_SetConfig                           0x0800f399   Thumb Code  1402  stm32h7xx_hal_uart.o(i.UART_SetConfig)
    UART_Start_Receive_DMA                   0x0800f925   Thumb Code   186  stm32h7xx_hal_uart.o(i.UART_Start_Receive_DMA)
    UART_WaitOnFlagUntilTimeout              0x0800f9ed   Thumb Code   162  stm32h7xx_hal_uart.o(i.UART_WaitOnFlagUntilTimeout)
    USART1_IRQHandler                        0x0800fa91   Thumb Code    10  stm32h7xx_it.o(i.USART1_IRQHandler)
    USART2_IRQHandler                        0x0800faa1   Thumb Code    10  stm32h7xx_it.o(i.USART2_IRQHandler)
    USART3_IRQHandler                        0x0800fab1   Thumb Code    10  stm32h7xx_it.o(i.USART3_IRQHandler)
    USART6_IRQHandler                        0x0800fac1   Thumb Code    10  stm32h7xx_it.o(i.USART6_IRQHandler)
    UsageFault_Handler                       0x0800fad1   Thumb Code     4  stm32h7xx_it.o(i.UsageFault_Handler)
    Usart_Send_To_Show32                     0x0800fad5   Thumb Code   158  ano_tc.o(i.Usart_Send_To_Show32)
    VMC_Jacobi_Matrix                        0x0800fb7d   Thumb Code   648  dog.o(i.VMC_Jacobi_Matrix)
    Vision_Recv_Data_Process                 0x0800fe05   Thumb Code   102  vision.o(i.Vision_Recv_Data_Process)
    Vision_Recv_Start                        0x0800fe75   Thumb Code   200  vision.o(i.Vision_Recv_Start)
    Vision_Restart_IT                        0x0800ff49   Thumb Code   208  vision.o(i.Vision_Restart_IT)
    Walk_Away                                0x08010029   Thumb Code   790  walk.o(i.Walk_Away)
    Walk_Away_Posctrl                        0x0801034d   Thumb Code   764  pos_ctrl.o(i.Walk_Away_Posctrl)
    Yaw_Pos_Crol                             0x08010659   Thumb Code   444  walk.o(i.Yaw_Pos_Crol)
    Yaw_Reset                                0x08010819   Thumb Code    16  imu.o(i.Yaw_Reset)
    __ARM_fpclassifyf                        0x08010829   Thumb Code    38  fpclassifyf.o(i.__ARM_fpclassifyf)
    __hardfp_acosf                           0x08010889   Thumb Code   234  acosf.o(i.__hardfp_acosf)
    __hardfp_atan2f                          0x080109ad   Thumb Code   502  atan2f.o(i.__hardfp_atan2f)
    __hardfp_cosf                            0x08010c05   Thumb Code   276  cosf.o(i.__hardfp_cosf)
    __hardfp_fmodf                           0x08010d55   Thumb Code   176  fmodf.o(i.__hardfp_fmodf)
    __hardfp_sinf                            0x08010e05   Thumb Code   344  sinf.o(i.__hardfp_sinf)
    __hardfp_sqrtf                           0x08010f99   Thumb Code    58  sqrtf.o(i.__hardfp_sqrtf)
    __mathlib_flt_infnan                     0x08010fd3   Thumb Code     6  funder.o(i.__mathlib_flt_infnan)
    __mathlib_flt_infnan2                    0x08010fd9   Thumb Code     6  funder.o(i.__mathlib_flt_infnan2)
    __mathlib_flt_invalid                    0x08010fe1   Thumb Code    10  funder.o(i.__mathlib_flt_invalid)
    __mathlib_flt_underflow                  0x08010ff1   Thumb Code    10  funder.o(i.__mathlib_flt_underflow)
    __mathlib_rredf2                         0x08011001   Thumb Code   316  rredf.o(i.__mathlib_rredf2)
    ano_tc                                   0x08011155   Thumb Code   100  dog.o(i.ano_tc)
    backflip_enter                           0x080111d5   Thumb Code   112  backflip.o(i.backflip_enter)
    backflip_exit                            0x08011261   Thumb Code    30  backflip.o(i.backflip_exit)
    backflip_run                             0x08011285   Thumb Code   340  backflip.o(i.backflip_run)
    crc32_core                               0x0801142d   Thumb Code    92  a1_motor.o(i.crc32_core)
    crossleg_enter                           0x0801148d   Thumb Code    52  action.o(i.crossleg_enter)
    crossleg_exit                            0x080114d1   Thumb Code     2  fsm.o(i.crossleg_exit)
    crossleg_run                             0x080114d5   Thumb Code    44  action.o(i.crossleg_run)
    debug_fun                                0x08011509   Thumb Code   176  freertos.o(i.debug_fun)
    gait                                     0x080115bd   Thumb Code  1190  walk.o(i.gait)
    gait_posctrl                             0x08011a65   Thumb Code  1156  pos_ctrl.o(i.gait_posctrl)
    get_float_from_4u8                       0x08011ee9   Thumb Code    34  my_uart.o(i.get_float_from_4u8)
    get_imu_angle                            0x08011f0d   Thumb Code    42  imu.o(i.get_imu_angle)
    imu_data_process                         0x08011f3d   Thumb Code   302  imu.o(i.imu_data_process)
    jump_enter                               0x08012081   Thumb Code   138  jump.o(i.jump_enter)
    jump_exit                                0x08012129   Thumb Code     2  fsm.o(i.jump_exit)
    jump_hurdles_enter                       0x0801212b   Thumb Code     2  fsm.o(i.jump_hurdles_enter)
    jump_hurdles_exit                        0x0801212d   Thumb Code     2  fsm.o(i.jump_hurdles_exit)
    jump_hurdles_run                         0x0801212f   Thumb Code     2  fsm.o(i.jump_hurdles_run)
    jump_run                                 0x08012131   Thumb Code   316  jump.o(i.jump_run)
    keep_enter                               0x08012289   Thumb Code    42  action.o(i.keep_enter)
    keep_exit                                0x080122c5   Thumb Code     2  fsm.o(i.keep_exit)
    keep_run                                 0x080122c9   Thumb Code   358  action.o(i.keep_run)
    leg_init                                 0x08012449   Thumb Code   854  dog.o(i.leg_init)
    line                                     0x080127e1   Thumb Code   282  dog.o(i.line)
    line_Generator                           0x08012905   Thumb Code   110  dog.o(i.line_Generator)
    line_Pos                                 0x08012975   Thumb Code   266  pos_ctrl.o(i.line_Pos)
    line_enter                               0x08012a89   Thumb Code     2  fsm.o(i.line_enter)
    line_exit                                0x08012a8b   Thumb Code     2  fsm.o(i.line_exit)
    line_run                                 0x08012a8d   Thumb Code     2  fsm.o(i.line_run)
    main                                     0x08012a91   Thumb Code   202  main.o(i.main)
    modify_data                              0x08012b7d   Thumb Code   172  a1_motor.o(i.modify_data)
    motor_waiting                            0x08012c41   Thumb Code   128  a1_motor.o(i.motor_waiting)
    osDelay                                  0x08012cc5   Thumb Code    24  cmsis_os.o(i.osDelay)
    osKernelStart                            0x08012cdd   Thumb Code    10  cmsis_os.o(i.osKernelStart)
    osThreadCreate                           0x08012ce7   Thumb Code    94  cmsis_os.o(i.osThreadCreate)
    pvPortMalloc                             0x080131c5   Thumb Code   306  heap_4.o(i.pvPortMalloc)
    pxPortInitialiseStack                    0x08013311   Thumb Code    38  port.o(i.pxPortInitialiseStack)
    sqrtf                                    0x0801333d   Thumb Code    62  sqrtf.o(i.sqrtf)
    squat_enter                              0x0801337d   Thumb Code    42  action.o(i.squat_enter)
    squat_exit                               0x080133b9   Thumb Code     2  fsm.o(i.squat_exit)
    squat_run                                0x080133bd   Thumb Code   180  action.o(i.squat_run)
    stand_enter                              0x08013481   Thumb Code    58  action.o(i.stand_enter)
    stand_exit                               0x080134d1   Thumb Code     2  action.o(i.stand_exit)
    stand_run                                0x080134d5   Thumb Code    58  action.o(i.stand_run)
    start_enter                              0x0801351d   Thumb Code     2  action.o(i.start_enter)
    start_exit                               0x0801351f   Thumb Code     2  action.o(i.start_exit)
    start_race                               0x08013521   Thumb Code   504  speed_race.o(i.start_race)
    start_run                                0x08013751   Thumb Code     2  action.o(i.start_run)
    test1_enter                              0x08013753   Thumb Code     2  fsm.o(i.test1_enter)
    test1_exit                               0x08013755   Thumb Code     2  fsm.o(i.test1_exit)
    test1_run                                0x08013757   Thumb Code     2  fsm.o(i.test1_run)
    test2_enter                              0x08013759   Thumb Code     2  fsm.o(i.test2_enter)
    test2_exit                               0x0801375b   Thumb Code     2  fsm.o(i.test2_exit)
    test2_run                                0x0801375d   Thumb Code     2  fsm.o(i.test2_run)
    test3_enter                              0x0801375f   Thumb Code     2  fsm.o(i.test3_enter)
    test3_exit                               0x08013761   Thumb Code     2  fsm.o(i.test3_exit)
    test3_run                                0x08013763   Thumb Code     2  fsm.o(i.test3_run)
    usart1_start_recv                        0x08013765   Thumb Code   236  my_uart.o(i.usart1_start_recv)
    usart2_start_recv                        0x08013865   Thumb Code    12  my_uart.o(i.usart2_start_recv)
    usart3_start_recv                        0x08013879   Thumb Code    12  my_uart.o(i.usart3_start_recv)
    usart4_start_recv                        0x0801388d   Thumb Code   240  my_uart.o(i.usart4_start_recv)
    usart5_start_recv                        0x08013991   Thumb Code   240  my_uart.o(i.usart5_start_recv)
    usart6_start_recv                        0x08013a95   Thumb Code    12  my_uart.o(i.usart6_start_recv)
    usart7_start_recv                        0x08013aa9   Thumb Code   240  my_uart.o(i.usart7_start_recv)
    usart8_start_recv                        0x08013bad   Thumb Code   240  my_uart.o(i.usart8_start_recv)
    usart_reset                              0x08013cb1   Thumb Code   480  my_uart.o(i.usart_reset)
    usart_start_recv                         0x08013e95   Thumb Code    76  my_uart.o(i.usart_start_recv)
    uxListRemove                             0x08013ee5   Thumb Code    40  list.o(i.uxListRemove)
    vApplicationGetIdleTaskMemory            0x08013f0d   Thumb Code    14  freertos.o(i.vApplicationGetIdleTaskMemory)
    vListInitialise                          0x08013f25   Thumb Code    26  list.o(i.vListInitialise)
    vListInitialiseItem                      0x08013f3f   Thumb Code     6  list.o(i.vListInitialiseItem)
    vListInsert                              0x08013f45   Thumb Code    52  list.o(i.vListInsert)
    vListInsertEnd                           0x08013f79   Thumb Code    24  list.o(i.vListInsertEnd)
    vPortEnterCritical                       0x08013f91   Thumb Code    76  port.o(i.vPortEnterCritical)
    vPortExitCritical                        0x08013fe5   Thumb Code    56  port.o(i.vPortExitCritical)
    vPortFree                                0x08014021   Thumb Code   150  heap_4.o(i.vPortFree)
    vPortSetupTimerInterrupt                 0x080140c5   Thumb Code    36  port.o(i.vPortSetupTimerInterrupt)
    vTaskDelay                               0x080140ed   Thumb Code    82  tasks.o(i.vTaskDelay)
    vTaskStartScheduler                      0x08014149   Thumb Code   146  tasks.o(i.vTaskStartScheduler)
    vTaskSuspendAll                          0x080141f9   Thumb Code    12  tasks.o(i.vTaskSuspendAll)
    vTaskSwitchContext                       0x08014209   Thumb Code   118  tasks.o(i.vTaskSwitchContext)
    walk_enter                               0x08014295   Thumb Code   138  walk.o(i.walk_enter)
    walk_exit                                0x08014341   Thumb Code     2  walk.o(i.walk_exit)
    walk_run                                 0x08014345   Thumb Code    84  walk.o(i.walk_run)
    xPortStartScheduler                      0x080143ad   Thumb Code   330  port.o(i.xPortStartScheduler)
    xTaskCreate                              0x08014515   Thumb Code   100  tasks.o(i.xTaskCreate)
    xTaskCreateStatic                        0x08014579   Thumb Code   186  tasks.o(i.xTaskCreateStatic)
    xTaskIncrementTick                       0x08014635   Thumb Code   282  tasks.o(i.xTaskIncrementTick)
    xTaskResumeAll                           0x0801477d   Thumb Code   224  tasks.o(i.xTaskResumeAll)
    __fpl_fnaninf                            0x08014881   Thumb Code   140  fnaninf.o(x$fpl$fnaninf)
    _fp_init                                 0x0801490d   Thumb Code    10  fpinit.o(x$fpl$fpinit)
    __fplib_config_fpu_vfp                   0x08014915   Thumb Code     0  fpinit.o(x$fpl$fpinit)
    __fplib_config_pureend_doubles           0x08014915   Thumb Code     0  fpinit.o(x$fpl$fpinit)
    _frem                                    0x08014919   Thumb Code   240  frem_clz.o(x$fpl$frem)
    __I$use$fp                               0x08014a0c   Number         0  usenofp.o(x$fpl$usenofp)
    UARTPrescTable                           0x08014a68   Data          24  stm32h7xx_hal_uart.o(.constdata)
    D1CorePrescTable                         0x08014a90   Data          16  system_stm32h7xx.o(.constdata)
    Region$$Table$$Base                      0x08014adc   Number         0  anon$$obj.o(Region$$Table)
    Region$$Table$$Limit                     0x08014afc   Number         0  anon$$obj.o(Region$$Table)
    Spd_RaceHandle                           0x24000000   Data           4  freertos.o(.data)
    GamepadHandle                            0x24000004   Data           4  freertos.o(.data)
    debugHandle                              0x24000008   Data           4  freertos.o(.data)
    sign_stop                                0x2400000c   Data           4  freertos.o(.data)
    start_race_flag                          0x24000010   Data           4  freertos.o(.data)
    linkstart                                0x24000014   Data           4  freertos.o(.data)
    send2vis                                 0x24000018   Data           8  freertos.o(.data)
    walk_able_flag                           0x24000020   Data           4  freertos.o(.data)
    Pos_x                                    0x24000024   Data           4  freertos.o(.data)
    Pos_y                                    0x24000028   Data           4  freertos.o(.data)
    uwTick                                   0x2400002c   Data           4  stm32h7xx_hal.o(.data)
    uwTickPrio                               0x24000030   Data           4  stm32h7xx_hal.o(.data)
    uwTickFreq                               0x24000034   Data           1  stm32h7xx_hal.o(.data)
    SystemCoreClock                          0x24000038   Data           4  system_stm32h7xx.o(.data)
    SystemD2Clock                            0x2400003c   Data           4  system_stm32h7xx.o(.data)
    pxCurrentTCB                             0x24000040   Data           4  tasks.o(.data)
    StateMap                                 0x240000a8   Data         260  fsm.o(.data)
    pCurrentState                            0x240001ac   Data           4  fsm.o(.data)
    Action_Param                             0x240001b0   Data         920  action.o(.data)
    Crslg_time                               0x2400054c   Data          16  action.o(.data)
    Backflip_VMC                             0x24000560   Data         512  backflip.o(.data)
    wait_for_jump                            0x24000760   Data           4  backflip.o(.data)
    wait_for_jump_flag                       0x24000764   Data           1  backflip.o(.data)
    memory_flag                              0x24000765   Data           1  backflip.o(.data)
    Backfliptype                             0x24000766   Data           1  backflip.o(.data)
    Backflip_Param                           0x24000768   Data         704  backflip.o(.data)
    Jumptype                                 0x24000a2c   Data           1  jump.o(.data)
    Jump_VMC                                 0x24000a30   Data         552  jump.o(.data)
    Jump_Param                               0x24000c58   Data        4080  jump.o(.data)
    prep_param                               0x24001c48   Data          12  pos_ctrl.o(.data)
    jump_param                               0x24001c54   Data          12  pos_ctrl.o(.data)
    luanch_param                             0x24001c60   Data          12  pos_ctrl.o(.data)
    gait_param                               0x24001c6c   Data         684  walk.o(.data)
    test_kp                                  0x24001f24   Data           4  timer.o(.data)
    test_kw                                  0x24001f28   Data           4  timer.o(.data)
    cnti                                     0x24001f2c   Data           1  my_uart.o(.data)
    size                                     0x24001f2e   Data           2  my_uart.o(.data)
    Gamepad_stop_flag                        0x24001f30   Data           4  my_uart.o(.data)
    failsafe_status                          0x24001f34   Data           1  sbus.o(.data)
    Auto_spd                                 0x24001f3c   Data         196  speed_race.o(.data)
    Sides_PID                                0x24002000   Data          28  speed_race.o(.data)
    time_now                                 0x2400201c   Data           4  speed_race.o(.data)
    time_increment                           0x24002020   Data           4  speed_race.o(.data)
    step_length_start                        0x24002024   Data           4  speed_race.o(.data)
    step_length_very_fast                    0x24002028   Data           4  speed_race.o(.data)
    step_length_fast                         0x2400202c   Data           4  speed_race.o(.data)
    step_length_slow                         0x24002030   Data           4  speed_race.o(.data)
    step_length_very_slow                    0x24002034   Data           4  speed_race.o(.data)
    time_start                               0x24002038   Data           4  speed_race.o(.data)
    time1                                    0x2400203c   Data           4  speed_race.o(.data)
    time2_start                              0x24002040   Data           4  speed_race.o(.data)
    time2                                    0x24002044   Data           4  speed_race.o(.data)
    time3_start                              0x24002048   Data           4  speed_race.o(.data)
    time3                                    0x2400204c   Data           4  speed_race.o(.data)
    time4_start                              0x24002050   Data           4  speed_race.o(.data)
    time4                                    0x24002054   Data           4  speed_race.o(.data)
    time_stop_vision_1                       0x24002058   Data           4  speed_race.o(.data)
    time_stop_vision_2                       0x2400205c   Data           4  speed_race.o(.data)
    stop_vision_flag                         0x24002060   Data           1  speed_race.o(.data)
    clear_time_now                           0x24002061   Data           1  speed_race.o(.data)
    dead_band                                0x24002064   Data           4  speed_race.o(.data)
    Sides_cnt                                0x24002068   Data           4  speed_race.o(.data)
    race_timer                               0x2400206c   Data           4  speed_race.o(.data)
    std_step_length                          0x24002070   Data          12  obstacle_course.o(.data)
    htim2                                    0x240022d0   Data          76  tim.o(.bss)
    htim3                                    0x2400231c   Data          76  tim.o(.bss)
    htim4                                    0x24002368   Data          76  tim.o(.bss)
    htim5                                    0x240023b4   Data          76  tim.o(.bss)
    huart4                                   0x24002400   Data         148  usart.o(.bss)
    huart5                                   0x24002494   Data         148  usart.o(.bss)
    huart7                                   0x24002528   Data         148  usart.o(.bss)
    huart8                                   0x240025bc   Data         148  usart.o(.bss)
    huart1                                   0x24002650   Data         148  usart.o(.bss)
    huart2                                   0x240026e4   Data         148  usart.o(.bss)
    huart3                                   0x24002778   Data         148  usart.o(.bss)
    huart6                                   0x2400280c   Data         148  usart.o(.bss)
    hdma_uart4_rx                            0x240028a0   Data         120  usart.o(.bss)
    hdma_uart5_rx                            0x24002918   Data         120  usart.o(.bss)
    hdma_uart7_rx                            0x24002990   Data         120  usart.o(.bss)
    hdma_uart8_rx                            0x24002a08   Data         120  usart.o(.bss)
    hdma_usart1_rx                           0x24002a80   Data         120  usart.o(.bss)
    hdma_usart2_rx                           0x24002af8   Data         120  usart.o(.bss)
    hdma_usart2_tx                           0x24002b70   Data         120  usart.o(.bss)
    hdma_usart3_rx                           0x24002be8   Data         120  usart.o(.bss)
    hdma_usart3_tx                           0x24002c60   Data         120  usart.o(.bss)
    hdma_usart6_rx                           0x24002cd8   Data         120  usart.o(.bss)
    hdma_usart6_tx                           0x24002d50   Data         120  usart.o(.bss)
    htim17                                   0x24002dc8   Data          76  stm32h7xx_hal_timebase_tim.o(.bss)
    leg                                      0x24006b04   Data         832  dog.o(.bss)
    Euler_Angle                              0x24006e44   Data          40  dog.o(.bss)
    data2send                                0x24006e6c   Data          40  dog.o(.bss)
    Usart1Type1                              0x24006ec6   Data          82  my_uart.o(.bss)
    Usart2Type1                              0x24006f18   Data          82  my_uart.o(.bss)
    Usart3Type1                              0x24006f6a   Data          82  my_uart.o(.bss)
    Usart4Type1                              0x24006fbc   Data          82  my_uart.o(.bss)
    Usart5Type1                              0x2400700e   Data          82  my_uart.o(.bss)
    Usart6Type1                              0x24007060   Data          82  my_uart.o(.bss)
    Usart7Type1                              0x240070b2   Data          82  my_uart.o(.bss)
    Usart8Type1                              0x24007104   Data          82  my_uart.o(.bss)
    Time_Points_Param                        0x24007158   Data          20  delay_dwt.o(.bss)
    Tx                                       0x2400716c   Data          17  bluetooth.o(.bss)
    Rx                                       0x2400717d   Data         125  bluetooth.o(.bss)
    txbuff                                   0x240071fa   Data          18  bluetooth.o(.bss)
    rxbuff                                   0x2400720c   Data         126  bluetooth.o(.bss)
    RxTemp_2                                 0x2400728a   Data          25  sbus.o(.bss)
    g_sbus_channels                          0x240072a4   Data          16  sbus.o(.bss)
    vision_rx                                0x240072b4   Data          20  vision.o(.bss)
    vision_rxbuff                            0x240072c8   Data          16  vision.o(.bss)
    motor_s                                  0x240072d8   Data          72  a1_motor.o(.bss)
    motor_recv                               0x24007320   Data         480  a1_motor.o(.bss)
    motor                                    0x24007500   Data         448  a1_motor.o(.bss)
    RS485_RX_BUF                             0x240076c0   Data          78  a1_motor.o(.bss)
    dat                                      0x24007710   Data          76  imu.o(.bss)
    imu_angle                                0x2400775c   Data          12  imu.o(.bss)
    __libspace_start                         0x24007768   Data          96  libspace.o(.bss)
    __temporary_stack_top$libspace           0x240077c8   Data           0  libspace.o(.bss)



==============================================================================

Memory Map of the image

  Image Entry point : 0x08000299

  Load Region LR_IROM1 (Base: 0x08000000, Size: 0x00016b78, Max: 0x00200000, ABSOLUTE, COMPRESSED[0x00014fb8])

    Execution Region ER_IROM1 (Exec base: 0x08000000, Load base: 0x08000000, Size: 0x00014afc, Max: 0x00200000, ABSOLUTE)

    Exec Addr    Load Addr    Size         Type   Attr      Idx    E Section Name        Object

    0x08000000   0x08000000   0x00000298   Data   RO            3    RESET               startup_stm32h743xx.o
    0x08000298   0x08000298   0x00000008   Code   RO         7853  * !!!main             c_w.l(__main.o)
    0x080002a0   0x080002a0   0x00000034   Code   RO         8127    !!!scatter          c_w.l(__scatter.o)
    0x080002d4   0x080002d4   0x00000064   Code   RO         8125    !!dclz77c           c_w.l(__dclz77c.o)
    0x08000338   0x08000338   0x0000001c   Code   RO         8129    !!handler_zi        c_w.l(__scatter_zi.o)
    0x08000354   0x08000354   0x00000002   Code   RO         7998    .ARM.Collect$$libinit$$00000000  c_w.l(libinit.o)
    0x08000356   0x08000356   0x00000004   Code   RO         8007    .ARM.Collect$$libinit$$00000001  c_w.l(libinit2.o)
    0x0800035a   0x0800035a   0x00000000   Code   RO         8010    .ARM.Collect$$libinit$$00000004  c_w.l(libinit2.o)
    0x0800035a   0x0800035a   0x00000000   Code   RO         8013    .ARM.Collect$$libinit$$0000000A  c_w.l(libinit2.o)
    0x0800035a   0x0800035a   0x00000000   Code   RO         8015    .ARM.Collect$$libinit$$0000000C  c_w.l(libinit2.o)
    0x0800035a   0x0800035a   0x00000000   Code   RO         8017    .ARM.Collect$$libinit$$0000000E  c_w.l(libinit2.o)
    0x0800035a   0x0800035a   0x00000000   Code   RO         8020    .ARM.Collect$$libinit$$00000011  c_w.l(libinit2.o)
    0x0800035a   0x0800035a   0x00000000   Code   RO         8022    .ARM.Collect$$libinit$$00000013  c_w.l(libinit2.o)
    0x0800035a   0x0800035a   0x00000000   Code   RO         8024    .ARM.Collect$$libinit$$00000015  c_w.l(libinit2.o)
    0x0800035a   0x0800035a   0x00000000   Code   RO         8026    .ARM.Collect$$libinit$$00000017  c_w.l(libinit2.o)
    0x0800035a   0x0800035a   0x00000000   Code   RO         8028    .ARM.Collect$$libinit$$00000019  c_w.l(libinit2.o)
    0x0800035a   0x0800035a   0x00000000   Code   RO         8030    .ARM.Collect$$libinit$$0000001B  c_w.l(libinit2.o)
    0x0800035a   0x0800035a   0x00000000   Code   RO         8032    .ARM.Collect$$libinit$$0000001D  c_w.l(libinit2.o)
    0x0800035a   0x0800035a   0x00000000   Code   RO         8034    .ARM.Collect$$libinit$$0000001F  c_w.l(libinit2.o)
    0x0800035a   0x0800035a   0x00000000   Code   RO         8036    .ARM.Collect$$libinit$$00000021  c_w.l(libinit2.o)
    0x0800035a   0x0800035a   0x00000000   Code   RO         8038    .ARM.Collect$$libinit$$00000023  c_w.l(libinit2.o)
    0x0800035a   0x0800035a   0x00000000   Code   RO         8040    .ARM.Collect$$libinit$$00000025  c_w.l(libinit2.o)
    0x0800035a   0x0800035a   0x00000000   Code   RO         8044    .ARM.Collect$$libinit$$0000002C  c_w.l(libinit2.o)
    0x0800035a   0x0800035a   0x00000000   Code   RO         8046    .ARM.Collect$$libinit$$0000002E  c_w.l(libinit2.o)
    0x0800035a   0x0800035a   0x00000000   Code   RO         8048    .ARM.Collect$$libinit$$00000030  c_w.l(libinit2.o)
    0x0800035a   0x0800035a   0x00000000   Code   RO         8050    .ARM.Collect$$libinit$$00000032  c_w.l(libinit2.o)
    0x0800035a   0x0800035a   0x00000002   Code   RO         8051    .ARM.Collect$$libinit$$00000033  c_w.l(libinit2.o)
    0x0800035c   0x0800035c   0x00000002   Code   RO         8082    .ARM.Collect$$libshutdown$$00000000  c_w.l(libshutdown.o)
    0x0800035e   0x0800035e   0x00000000   Code   RO         8108    .ARM.Collect$$libshutdown$$00000002  c_w.l(libshutdown2.o)
    0x0800035e   0x0800035e   0x00000000   Code   RO         8110    .ARM.Collect$$libshutdown$$00000004  c_w.l(libshutdown2.o)
    0x0800035e   0x0800035e   0x00000000   Code   RO         8113    .ARM.Collect$$libshutdown$$00000007  c_w.l(libshutdown2.o)
    0x0800035e   0x0800035e   0x00000000   Code   RO         8116    .ARM.Collect$$libshutdown$$0000000A  c_w.l(libshutdown2.o)
    0x0800035e   0x0800035e   0x00000000   Code   RO         8118    .ARM.Collect$$libshutdown$$0000000C  c_w.l(libshutdown2.o)
    0x0800035e   0x0800035e   0x00000000   Code   RO         8121    .ARM.Collect$$libshutdown$$0000000F  c_w.l(libshutdown2.o)
    0x0800035e   0x0800035e   0x00000002   Code   RO         8122    .ARM.Collect$$libshutdown$$00000010  c_w.l(libshutdown2.o)
    0x08000360   0x08000360   0x00000000   Code   RO         7927    .ARM.Collect$$rtentry$$00000000  c_w.l(__rtentry.o)
    0x08000360   0x08000360   0x00000000   Code   RO         7959    .ARM.Collect$$rtentry$$00000002  c_w.l(__rtentry2.o)
    0x08000360   0x08000360   0x00000006   Code   RO         7971    .ARM.Collect$$rtentry$$00000004  c_w.l(__rtentry4.o)
    0x08000366   0x08000366   0x00000000   Code   RO         7961    .ARM.Collect$$rtentry$$00000009  c_w.l(__rtentry2.o)
    0x08000366   0x08000366   0x00000004   Code   RO         7962    .ARM.Collect$$rtentry$$0000000A  c_w.l(__rtentry2.o)
    0x0800036a   0x0800036a   0x00000000   Code   RO         7964    .ARM.Collect$$rtentry$$0000000C  c_w.l(__rtentry2.o)
    0x0800036a   0x0800036a   0x00000008   Code   RO         7965    .ARM.Collect$$rtentry$$0000000D  c_w.l(__rtentry2.o)
    0x08000372   0x08000372   0x00000002   Code   RO         7999    .ARM.Collect$$rtexit$$00000000  c_w.l(rtexit.o)
    0x08000374   0x08000374   0x00000000   Code   RO         8055    .ARM.Collect$$rtexit$$00000002  c_w.l(rtexit2.o)
    0x08000374   0x08000374   0x00000004   Code   RO         8056    .ARM.Collect$$rtexit$$00000003  c_w.l(rtexit2.o)
    0x08000378   0x08000378   0x00000006   Code   RO         8057    .ARM.Collect$$rtexit$$00000004  c_w.l(rtexit2.o)
    0x0800037e   0x0800037e   0x00000002   PAD
    0x08000380   0x08000380   0x000000be   Code   RO         6141    .emb_text           port.o
    0x0800043e   0x0800043e   0x00000002   PAD
    0x08000440   0x08000440   0x00000040   Code   RO            4    .text               startup_stm32h743xx.o
    0x08000480   0x08000480   0x000000ee   Code   RO         7841    .text               c_w.l(lludivv7m.o)
    0x0800056e   0x0800056e   0x0000008a   Code   RO         7843    .text               c_w.l(rt_memcpy_v6.o)
    0x080005f8   0x080005f8   0x00000064   Code   RO         7845    .text               c_w.l(rt_memcpy_w.o)
    0x0800065c   0x0800065c   0x0000004e   Code   RO         7849    .text               c_w.l(rt_memclr_w.o)
    0x080006aa   0x080006aa   0x00000006   Code   RO         7851    .text               c_w.l(heapauxi.o)
    0x080006b0   0x080006b0   0x00000016   Code   RO         7932    .text               c_w.l(_rserrno.o)
    0x080006c6   0x080006c6   0x00000002   PAD
    0x080006c8   0x080006c8   0x00000008   Code   RO         7978    .text               c_w.l(rt_errno_addr_intlibspace.o)
    0x080006d0   0x080006d0   0x00000008   Code   RO         7982    .text               c_w.l(libspace.o)
    0x080006d8   0x080006d8   0x0000004a   Code   RO         7985    .text               c_w.l(sys_stackheap_outer.o)
    0x08000722   0x08000722   0x00000012   Code   RO         7987    .text               c_w.l(exit.o)
    0x08000734   0x08000734   0x0000000c   Code   RO         8052    .text               c_w.l(sys_exit.o)
    0x08000740   0x08000740   0x00000002   Code   RO         8071    .text               c_w.l(use_no_semi.o)
    0x08000742   0x08000742   0x00000000   Code   RO         8073    .text               c_w.l(indicate_semi.o)
    0x08000742   0x08000742   0x00000002   PAD
    0x08000744   0x08000744   0x000000f8   Code   RO         7283    i.A1_All_Send       my_uart.o
    0x0800083c   0x0800083c   0x00000070   Code   RO         7636    i.A1_Motor_Send_Data  a1_motor.o
    0x080008ac   0x080008ac   0x00000018   Code   RO         7706    i.ABS               imu.o
    0x080008c4   0x080008c4   0x00000030   Code   RO         6769    i.Abs_Diff_Judge    action.o
    0x080008f4   0x080008f4   0x000012c0   Code   RO         6923    i.Backflip_s        backflip.o
    0x08001bb4   0x08001bb4   0x0000013c   Code   RO         6542    i.Bezier            dog.o
    0x08001cf0   0x08001cf0   0x000001d8   Code   RO         6543    i.Bezier_Generator  dog.o
    0x08001ec8   0x08001ec8   0x00000128   Code   RO         7037    i.Bezier_Pos        pos_ctrl.o
    0x08001ff0   0x08001ff0   0x0000013c   Code   RO         6544    i.Bezier_Stance     dog.o
    0x0800212c   0x0800212c   0x00000128   Code   RO         7038    i.Bezier_Stance_Pos  pos_ctrl.o
    0x08002254   0x08002254   0x00000034   Code   RO         6545    i.Bezier_Trans      dog.o
    0x08002288   0x08002288   0x00000034   Code   RO         6546    i.Bezier_Trans_Inv  dog.o
    0x080022bc   0x080022bc   0x00000088   Code   RO         7463    i.Bluetooth_Recv_Data_Process  bluetooth.o
    0x08002344   0x08002344   0x000000d4   Code   RO         7464    i.Bluetooth_Recv_Start  bluetooth.o
    0x08002418   0x08002418   0x000000e0   Code   RO         7465    i.Bluetooth_Restart_IT  bluetooth.o
    0x080024f8   0x080024f8   0x00000004   Code   RO          560    i.BusFault_Handler  stm32h7xx_it.o
    0x080024fc   0x080024fc   0x0000000c   Code   RO         7403    i.CPU_TS_TmrRd      delay_dwt.o
    0x08002508   0x08002508   0x00000020   Code   RO         6221    i.ChangeDogState    fsm.o
    0x08002528   0x08002528   0x0000000c   Code   RO         6977    i.ChangeJumpType    jump.o
    0x08002534   0x08002534   0x0000000c   Code   RO         7039    i.Change_Ctrl_State  pos_ctrl.o
    0x08002540   0x08002540   0x00000018   Code   RO         6547    i.Change_Dog_Pitch_State  dog.o
    0x08002558   0x08002558   0x00000018   Code   RO         6548    i.Change_Single_Pitch_State  dog.o
    0x08002570   0x08002570   0x0000001a   Code   RO         7466    i.Char_to_Float     bluetooth.o
    0x0800258a   0x0800258a   0x0000001a   Code   RO         7467    i.Char_to_Int       bluetooth.o
    0x080025a4   0x080025a4   0x00000014   Code   RO         7468    i.Char_to_Short     bluetooth.o
    0x080025b8   0x080025b8   0x000000a8   Code   RO         6549    i.Coordinate_Transform  dog.o
    0x08002660   0x08002660   0x00000002   Code   RO         6770    i.Cross_leg         action.o
    0x08002662   0x08002662   0x00000002   PAD
    0x08002664   0x08002664   0x00000010   Code   RO          561    i.DMA1_Stream0_IRQHandler  stm32h7xx_it.o
    0x08002674   0x08002674   0x00000010   Code   RO          562    i.DMA1_Stream1_IRQHandler  stm32h7xx_it.o
    0x08002684   0x08002684   0x00000010   Code   RO          563    i.DMA1_Stream2_IRQHandler  stm32h7xx_it.o
    0x08002694   0x08002694   0x00000010   Code   RO          564    i.DMA1_Stream3_IRQHandler  stm32h7xx_it.o
    0x080026a4   0x080026a4   0x00000010   Code   RO          565    i.DMA1_Stream4_IRQHandler  stm32h7xx_it.o
    0x080026b4   0x080026b4   0x00000010   Code   RO          566    i.DMA1_Stream5_IRQHandler  stm32h7xx_it.o
    0x080026c4   0x080026c4   0x00000010   Code   RO          567    i.DMA1_Stream6_IRQHandler  stm32h7xx_it.o
    0x080026d4   0x080026d4   0x00000010   Code   RO          568    i.DMA1_Stream7_IRQHandler  stm32h7xx_it.o
    0x080026e4   0x080026e4   0x00000010   Code   RO          569    i.DMA2_Stream0_IRQHandler  stm32h7xx_it.o
    0x080026f4   0x080026f4   0x00000010   Code   RO          570    i.DMA2_Stream1_IRQHandler  stm32h7xx_it.o
    0x08002704   0x08002704   0x00000010   Code   RO          571    i.DMA2_Stream2_IRQHandler  stm32h7xx_it.o
    0x08002714   0x08002714   0x000000ec   Code   RO         1683    i.DMA_CalcBaseAndBitshift  stm32h7xx_hal_dma.o
    0x08002800   0x08002800   0x000000c4   Code   RO         1684    i.DMA_CalcDMAMUXChannelBaseAndMask  stm32h7xx_hal_dma.o
    0x080028c4   0x080028c4   0x00000098   Code   RO         1685    i.DMA_CalcDMAMUXRequestGenBaseAndMask  stm32h7xx_hal_dma.o
    0x0800295c   0x0800295c   0x000000ae   Code   RO         1686    i.DMA_CheckFifoParam  stm32h7xx_hal_dma.o
    0x08002a0a   0x08002a0a   0x00000002   PAD
    0x08002a0c   0x08002a0c   0x00000274   Code   RO         1687    i.DMA_SetConfig     stm32h7xx_hal_dma.o
    0x08002c80   0x08002c80   0x00000028   Code   RO         7404    i.DWT_Init          delay_dwt.o
    0x08002ca8   0x08002ca8   0x00000002   Code   RO          572    i.DebugMon_Handler  stm32h7xx_it.o
    0x08002caa   0x08002caa   0x00000002   PAD
    0x08002cac   0x08002cac   0x00000058   Code   RO         7405    i.Delay_us          delay_dwt.o
    0x08002d04   0x08002d04   0x00000090   Code   RO         6222    i.DogFSM            fsm.o
    0x08002d94   0x08002d94   0x00000006   Code   RO           13    i.Error_Handler     main.o
    0x08002d9a   0x08002d9a   0x00000002   PAD
    0x08002d9c   0x08002d9c   0x000000b8   Code   RO         7707    i.Euler_Update      imu.o
    0x08002e54   0x08002e54   0x00000024   Code   RO         6552    i.Foot_Convert_To_Motor  dog.o
    0x08002e78   0x08002e78   0x00001334   Code   RO         6924    i.Frontflip_s       backflip.o
    0x080041ac   0x080041ac   0x00000678   Code   RO         7806    i.GamePad_Control_Obs  obstacle_course.o
    0x08004824   0x08004824   0x0000000e   Code   RO          298    i.Gamepad_Ctl       freertos.o
    0x08004832   0x08004832   0x00000002   PAD
    0x08004834   0x08004834   0x00000094   Code   RO         7406    i.Generate_Time_Points  delay_dwt.o
    0x080048c8   0x080048c8   0x0000000c   Code   RO         6223    i.GetDogWhetherChangeAble  fsm.o
    0x080048d4   0x080048d4   0x0000000c   Code   RO         6226    i.GetNextDogState   fsm.o
    0x080048e0   0x080048e0   0x0000000c   Code   RO         6227    i.GetNowDogState    fsm.o
    0x080048ec   0x080048ec   0x00000008   Code   RO         7407    i.GetTick           delay_dwt.o
    0x080048f4   0x080048f4   0x0000000c   Code   RO         7041    i.Get_Now_Ctrl_State  pos_ctrl.o
    0x08004900   0x08004900   0x000001c4   Code   RO         6553    i.Get_Now_Pos_Spd   dog.o
    0x08004ac4   0x08004ac4   0x000004dc   Code   RO         1688    i.HAL_DMA_Abort     stm32h7xx_hal_dma.o
    0x08004fa0   0x08004fa0   0x00000398   Code   RO         1689    i.HAL_DMA_Abort_IT  stm32h7xx_hal_dma.o
    0x08005338   0x08005338   0x00000006   Code   RO         1691    i.HAL_DMA_GetError  stm32h7xx_hal_dma.o
    0x0800533e   0x0800533e   0x00000002   PAD
    0x08005340   0x08005340   0x00000af8   Code   RO         1693    i.HAL_DMA_IRQHandler  stm32h7xx_hal_dma.o
    0x08005e38   0x08005e38   0x00000520   Code   RO         1694    i.HAL_DMA_Init      stm32h7xx_hal_dma.o
    0x08006358   0x08006358   0x000003e0   Code   RO         1698    i.HAL_DMA_Start_IT  stm32h7xx_hal_dma.o
    0x08006738   0x08006738   0x000001fc   Code   RO         1536    i.HAL_GPIO_Init     stm32h7xx_hal_gpio.o
    0x08006934   0x08006934   0x0000000c   Code   RO         1540    i.HAL_GPIO_WritePin  stm32h7xx_hal_gpio.o
    0x08006940   0x08006940   0x0000000c   Code   RO         2408    i.HAL_GetREVID      stm32h7xx_hal.o
    0x0800694c   0x0800694c   0x0000001c   Code   RO         7408    i.HAL_GetTick       delay_dwt.o
    0x08006968   0x08006968   0x00000018   Code   RO         2415    i.HAL_IncTick       stm32h7xx_hal.o
    0x08006980   0x08006980   0x00000060   Code   RO         2416    i.HAL_Init          stm32h7xx_hal.o
    0x080069e0   0x080069e0   0x00000094   Code   RO          786    i.HAL_InitTick      stm32h7xx_hal_timebase_tim.o
    0x08006a74   0x08006a74   0x00000030   Code   RO          762    i.HAL_MspInit       stm32h7xx_hal_msp.o
    0x08006aa4   0x08006aa4   0x00000028   Code   RO          831    i.HAL_NVIC_EnableIRQ  stm32h7xx_hal_cortex.o
    0x08006acc   0x08006acc   0x0000007a   Code   RO          837    i.HAL_NVIC_SetPriority  stm32h7xx_hal_cortex.o
    0x08006b46   0x08006b46   0x00000002   PAD
    0x08006b48   0x08006b48   0x00000028   Code   RO          838    i.HAL_NVIC_SetPriorityGrouping  stm32h7xx_hal_cortex.o
    0x08006b70   0x08006b70   0x00000060   Code   RO         2137    i.HAL_PWREx_ConfigSupply  stm32h7xx_hal_pwr_ex.o
    0x08006bd0   0x08006bd0   0x00000024   Code   RO         1087    i.HAL_RCCEx_GetD3PCLK1Freq  stm32h7xx_hal_rcc_ex.o
    0x08006bf4   0x08006bf4   0x00000230   Code   RO         1089    i.HAL_RCCEx_GetPLL2ClockFreq  stm32h7xx_hal_rcc_ex.o
    0x08006e24   0x08006e24   0x00000230   Code   RO         1090    i.HAL_RCCEx_GetPLL3ClockFreq  stm32h7xx_hal_rcc_ex.o
    0x08007054   0x08007054   0x00000d68   Code   RO         1096    i.HAL_RCCEx_PeriphCLKConfig  stm32h7xx_hal_rcc_ex.o
    0x08007dbc   0x08007dbc   0x00000320   Code   RO          972    i.HAL_RCC_ClockConfig  stm32h7xx_hal_rcc.o
    0x080080dc   0x080080dc   0x0000006c   Code   RO          976    i.HAL_RCC_GetClockConfig  stm32h7xx_hal_rcc.o
    0x08008148   0x08008148   0x0000004c   Code   RO          977    i.HAL_RCC_GetHCLKFreq  stm32h7xx_hal_rcc.o
    0x08008194   0x08008194   0x00000024   Code   RO          979    i.HAL_RCC_GetPCLK1Freq  stm32h7xx_hal_rcc.o
    0x080081b8   0x080081b8   0x00000024   Code   RO          980    i.HAL_RCC_GetPCLK2Freq  stm32h7xx_hal_rcc.o
    0x080081dc   0x080081dc   0x0000022c   Code   RO          981    i.HAL_RCC_GetSysClockFreq  stm32h7xx_hal_rcc.o
    0x08008408   0x08008408   0x00000858   Code   RO          984    i.HAL_RCC_OscConfig  stm32h7xx_hal_rcc.o
    0x08008c60   0x08008c60   0x00000002   Code   RO         4027    i.HAL_TIMEx_Break2Callback  stm32h7xx_hal_tim_ex.o
    0x08008c62   0x08008c62   0x00000002   Code   RO         4028    i.HAL_TIMEx_BreakCallback  stm32h7xx_hal_tim_ex.o
    0x08008c64   0x08008c64   0x00000002   Code   RO         4029    i.HAL_TIMEx_CommutCallback  stm32h7xx_hal_tim_ex.o
    0x08008c66   0x08008c66   0x00000002   PAD
    0x08008c68   0x08008c68   0x000000cc   Code   RO         4049    i.HAL_TIMEx_MasterConfigSynchronization  stm32h7xx_hal_tim_ex.o
    0x08008d34   0x08008d34   0x0000006e   Code   RO         3302    i.HAL_TIM_Base_Init  stm32h7xx_hal_tim.o
    0x08008da2   0x08008da2   0x00000002   PAD
    0x08008da4   0x08008da4   0x000000ec   Code   RO          417    i.HAL_TIM_Base_MspInit  tim.o
    0x08008e90   0x08008e90   0x000000b4   Code   RO         3307    i.HAL_TIM_Base_Start_IT  stm32h7xx_hal_tim.o
    0x08008f44   0x08008f44   0x00000134   Code   RO         3311    i.HAL_TIM_ConfigClockSource  stm32h7xx_hal_tim.o
    0x08009078   0x08009078   0x00000002   Code   RO         3336    i.HAL_TIM_IC_CaptureCallback  stm32h7xx_hal_tim.o
    0x0800907a   0x0800907a   0x000001b8   Code   RO         3350    i.HAL_TIM_IRQHandler  stm32h7xx_hal_tim.o
    0x08009232   0x08009232   0x00000002   Code   RO         3353    i.HAL_TIM_OC_DelayElapsedCallback  stm32h7xx_hal_tim.o
    0x08009234   0x08009234   0x00000002   Code   RO         3380    i.HAL_TIM_PWM_PulseFinishedCallback  stm32h7xx_hal_tim.o
    0x08009236   0x08009236   0x00000002   PAD
    0x08009238   0x08009238   0x00000058   Code   RO           14    i.HAL_TIM_PeriodElapsedCallback  main.o
    0x08009290   0x08009290   0x00000002   Code   RO         3393    i.HAL_TIM_TriggerCallback  stm32h7xx_hal_tim.o
    0x08009292   0x08009292   0x0000004e   Code   RO         4743    i.HAL_UARTEx_DisableFifoMode  stm32h7xx_hal_uart_ex.o
    0x080092e0   0x080092e0   0x00000058   Code   RO         4745    i.HAL_UARTEx_EnableFifoMode  stm32h7xx_hal_uart_ex.o
    0x08009338   0x08009338   0x00000062   Code   RO         4749    i.HAL_UARTEx_ReceiveToIdle_DMA  stm32h7xx_hal_uart_ex.o
    0x0800939a   0x0800939a   0x00000002   PAD
    0x0800939c   0x0800939c   0x000004cc   Code   RO         7284    i.HAL_UARTEx_RxEventCallback  my_uart.o
    0x08009868   0x08009868   0x00000002   Code   RO         4751    i.HAL_UARTEx_RxFifoFullCallback  stm32h7xx_hal_uart_ex.o
    0x0800986a   0x0800986a   0x0000005e   Code   RO         4752    i.HAL_UARTEx_SetRxFifoThreshold  stm32h7xx_hal_uart_ex.o
    0x080098c8   0x080098c8   0x0000005e   Code   RO         4753    i.HAL_UARTEx_SetTxFifoThreshold  stm32h7xx_hal_uart_ex.o
    0x08009926   0x08009926   0x00000002   Code   RO         4755    i.HAL_UARTEx_TxFifoEmptyCallback  stm32h7xx_hal_uart_ex.o
    0x08009928   0x08009928   0x00000002   Code   RO         4756    i.HAL_UARTEx_WakeupCallback  stm32h7xx_hal_uart_ex.o
    0x0800992a   0x0800992a   0x000000be   Code   RO         4339    i.HAL_UART_DMAStop  stm32h7xx_hal_uart.o
    0x080099e8   0x080099e8   0x000000b8   Code   RO         7285    i.HAL_UART_ErrorCallback  my_uart.o
    0x08009aa0   0x08009aa0   0x00000494   Code   RO         4346    i.HAL_UART_IRQHandler  stm32h7xx_hal_uart.o
    0x08009f34   0x08009f34   0x00000078   Code   RO         4347    i.HAL_UART_Init     stm32h7xx_hal_uart.o
    0x08009fac   0x08009fac   0x000007a4   Code   RO          477    i.HAL_UART_MspInit  usart.o
    0x0800a750   0x0800a750   0x00000002   Code   RO         4354    i.HAL_UART_RxCpltCallback  stm32h7xx_hal_uart.o
    0x0800a752   0x0800a752   0x00000002   Code   RO         4355    i.HAL_UART_RxHalfCpltCallback  stm32h7xx_hal_uart.o
    0x0800a754   0x0800a754   0x000000c2   Code   RO         4356    i.HAL_UART_Transmit  stm32h7xx_hal_uart.o
    0x0800a816   0x0800a816   0x00000002   PAD
    0x0800a818   0x0800a818   0x000000a0   Code   RO         4357    i.HAL_UART_Transmit_DMA  stm32h7xx_hal_uart.o
    0x0800a8b8   0x0800a8b8   0x00000002   Code   RO         4359    i.HAL_UART_TxCpltCallback  stm32h7xx_hal_uart.o
    0x0800a8ba   0x0800a8ba   0x00000002   Code   RO         4360    i.HAL_UART_TxHalfCpltCallback  stm32h7xx_hal_uart.o
    0x0800a8bc   0x0800a8bc   0x00000004   Code   RO          573    i.HardFault_Handler  stm32h7xx_it.o
    0x0800a8c0   0x0800a8c0   0x00000086   Code   RO         6554    i.Joint_Convert_To_Motor  dog.o
    0x0800a946   0x0800a946   0x00000002   PAD
    0x0800a948   0x0800a948   0x00000144   Code   RO         6771    i.Judge_Keep_State  action.o
    0x0800aa8c   0x0800aa8c   0x00000d2c   Code   RO         6979    i.Jump_s            jump.o
    0x0800b7b8   0x0800b7b8   0x00000848   Code   RO         7042    i.Jump_s_pos        pos_ctrl.o
    0x0800c000   0x0800c000   0x000001c0   Code   RO         6772    i.Keep_All_Leg      action.o
    0x0800c1c0   0x0800c1c0   0x000000f0   Code   RO         6773    i.Keep_One_Leg      action.o
    0x0800c2b0   0x0800c2b0   0x000001d0   Code   RO         6555    i.Kinematic_Inversion  dog.o
    0x0800c480   0x0800c480   0x00000184   Code   RO         6556    i.Kinematic_Inversion_Update  dog.o
    0x0800c604   0x0800c604   0x0000023e   Code   RO         6557    i.Kinematic_Solution  dog.o
    0x0800c842   0x0800c842   0x00000002   PAD
    0x0800c844   0x0800c844   0x000000ac   Code   RO         6558    i.Leg_Initpos_Reset  dog.o
    0x0800c8f0   0x0800c8f0   0x000000f0   Code   RO          392    i.MX_DMA_Init       dma.o
    0x0800c9e0   0x0800c9e0   0x00000060   Code   RO          299    i.MX_FREERTOS_Init  freertos.o
    0x0800ca40   0x0800ca40   0x000000f4   Code   RO          270    i.MX_GPIO_Init      gpio.o
    0x0800cb34   0x0800cb34   0x0000006c   Code   RO          418    i.MX_TIM2_Init      tim.o
    0x0800cba0   0x0800cba0   0x00000070   Code   RO          419    i.MX_TIM3_Init      tim.o
    0x0800cc10   0x0800cc10   0x00000070   Code   RO          420    i.MX_TIM4_Init      tim.o
    0x0800cc80   0x0800cc80   0x00000074   Code   RO          421    i.MX_TIM5_Init      tim.o
    0x0800ccf4   0x0800ccf4   0x00000070   Code   RO          478    i.MX_UART4_Init     usart.o
    0x0800cd64   0x0800cd64   0x00000070   Code   RO          479    i.MX_UART5_Init     usart.o
    0x0800cdd4   0x0800cdd4   0x00000070   Code   RO          480    i.MX_UART7_Init     usart.o
    0x0800ce44   0x0800ce44   0x00000070   Code   RO          481    i.MX_UART8_Init     usart.o
    0x0800ceb4   0x0800ceb4   0x0000006c   Code   RO          482    i.MX_USART1_UART_Init  usart.o
    0x0800cf20   0x0800cf20   0x0000006c   Code   RO          483    i.MX_USART2_UART_Init  usart.o
    0x0800cf8c   0x0800cf8c   0x0000006c   Code   RO          484    i.MX_USART3_UART_Init  usart.o
    0x0800cff8   0x0800cff8   0x00000078   Code   RO          485    i.MX_USART6_UART_Init  usart.o
    0x0800d070   0x0800d070   0x00000004   Code   RO          574    i.MemManage_Handler  stm32h7xx_it.o
    0x0800d074   0x0800d074   0x00000128   Code   RO         7637    i.MotorInit         a1_motor.o
    0x0800d19c   0x0800d19c   0x00000086   Code   RO         6560    i.Motor_Convert_To_Joint  dog.o
    0x0800d222   0x0800d222   0x0000035a   Code   RO         7286    i.Motor_DataProcess  my_uart.o
    0x0800d57c   0x0800d57c   0x00000004   Code   RO          575    i.NMI_Handler       stm32h7xx_it.o
    0x0800d580   0x0800d580   0x000000e2   Code   RO         6561    i.PD_Control        dog.o
    0x0800d662   0x0800d662   0x00000002   Code   RO         7115    i.Pitch_Pos_Offest  walk.o
    0x0800d664   0x0800d664   0x00000164   Code   RO         1099    i.RCCEx_PLL2_Config  stm32h7xx_hal_rcc_ex.o
    0x0800d7c8   0x0800d7c8   0x00000164   Code   RO         1100    i.RCCEx_PLL3_Config  stm32h7xx_hal_rcc_ex.o
    0x0800d92c   0x0800d92c   0x000000fc   Code   RO         7553    i.SBUS_Rcv_Prcs     sbus.o
    0x0800da28   0x0800da28   0x000000d4   Code   RO         7554    i.SB_USART_Start    sbus.o
    0x0800dafc   0x0800dafc   0x00000020   Code   RO         7638    i.SetAllMotorMode   a1_motor.o
    0x0800db1c   0x0800db1c   0x0000000c   Code   RO         6228    i.SetDogChangeAble  fsm.o
    0x0800db28   0x0800db28   0x00000034   Code   RO         7639    i.Set_All_Motor_Param  a1_motor.o
    0x0800db5c   0x0800db5c   0x000000b4   Code   RO         6562    i.Set_Motor_Target_Pos  dog.o
    0x0800dc10   0x0800dc10   0x00000170   Code   RO         6563    i.Set_Motor_Target_Torque  dog.o
    0x0800dd80   0x0800dd80   0x0000000c   Code   RO         7116    i.Set_Target_Yaw    walk.o
    0x0800dd8c   0x0800dd8c   0x0000000c   Code   RO         7117    i.Set_Turning_Kp    walk.o
    0x0800dd98   0x0800dd98   0x0000000c   Code   RO         7118    i.Set_Walk_Dire     walk.o
    0x0800dda4   0x0800dda4   0x0000000c   Code   RO         7119    i.Set_Walk_Length   walk.o
    0x0800ddb0   0x0800ddb0   0x00000064   Code   RO          300    i.Spd_Race_Ctl      freertos.o
    0x0800de14   0x0800de14   0x0000024c   Code   RO         6774    i.Squat_Down        action.o
    0x0800e060   0x0800e060   0x0000060c   Code   RO         7762    i.Stage_Judge       speed_race.o
    0x0800e66c   0x0800e66c   0x000002d0   Code   RO         6775    i.Stand_Up          action.o
    0x0800e93c   0x0800e93c   0x00000034   Code   RO         6142    i.SysTick_Handler   port.o
    0x0800e970   0x0800e970   0x000000d0   Code   RO           15    i.SystemClock_Config  main.o
    0x0800ea40   0x0800ea40   0x000000fc   Code   RO         4867    i.SystemInit        system_stm32h7xx.o
    0x0800eb3c   0x0800eb3c   0x00000010   Code   RO          576    i.TIM17_IRQHandler  stm32h7xx_it.o
    0x0800eb4c   0x0800eb4c   0x00000010   Code   RO          577    i.TIM2_IRQHandler   stm32h7xx_it.o
    0x0800eb5c   0x0800eb5c   0x00000018   Code   RO         7231    i.TIM2_Start        timer.o
    0x0800eb74   0x0800eb74   0x00000010   Code   RO          578    i.TIM3_IRQHandler   stm32h7xx_it.o
    0x0800eb84   0x0800eb84   0x00000040   Code   RO         7233    i.TIM3_Start        timer.o
    0x0800ebc4   0x0800ebc4   0x00000010   Code   RO          579    i.TIM4_IRQHandler   stm32h7xx_it.o
    0x0800ebd4   0x0800ebd4   0x00000018   Code   RO         7234    i.TIM4_Start        timer.o
    0x0800ebec   0x0800ebec   0x00000010   Code   RO          580    i.TIM5_IRQHandler   stm32h7xx_it.o
    0x0800ebfc   0x0800ebfc   0x00000018   Code   RO         7235    i.TIM5_Start        timer.o
    0x0800ec14   0x0800ec14   0x000000cc   Code   RO         3395    i.TIM_Base_SetConfig  stm32h7xx_hal_tim.o
    0x0800ece0   0x0800ece0   0x00000016   Code   RO         3406    i.TIM_ETR_SetConfig  stm32h7xx_hal_tim.o
    0x0800ecf6   0x0800ecf6   0x00000002   PAD
    0x0800ecf8   0x0800ecf8   0x00000018   Code   RO         3407    i.TIM_ITRx_SetConfig  stm32h7xx_hal_tim.o
    0x0800ed10   0x0800ed10   0x00000026   Code   RO         3415    i.TIM_TI1_ConfigInputStage  stm32h7xx_hal_tim.o
    0x0800ed36   0x0800ed36   0x00000028   Code   RO         3417    i.TIM_TI2_ConfigInputStage  stm32h7xx_hal_tim.o
    0x0800ed5e   0x0800ed5e   0x00000002   PAD
    0x0800ed60   0x0800ed60   0x00000134   Code   RO         7763    i.Transverse_Correction  speed_race.o
    0x0800ee94   0x0800ee94   0x00000010   Code   RO          581    i.UART4_IRQHandler  stm32h7xx_it.o
    0x0800eea4   0x0800eea4   0x00000010   Code   RO          582    i.UART5_IRQHandler  stm32h7xx_it.o
    0x0800eeb4   0x0800eeb4   0x00000010   Code   RO          583    i.UART7_IRQHandler  stm32h7xx_it.o
    0x0800eec4   0x0800eec4   0x00000010   Code   RO          584    i.UART8_IRQHandler  stm32h7xx_it.o
    0x0800eed4   0x0800eed4   0x00000058   Code   RO         4757    i.UARTEx_SetNbDataToProcess  stm32h7xx_hal_uart_ex.o
    0x0800ef2c   0x0800ef2c   0x000000f8   Code   RO         4361    i.UART_AdvFeatureConfig  stm32h7xx_hal_uart.o
    0x0800f024   0x0800f024   0x000000ea   Code   RO         4362    i.UART_CheckIdleState  stm32h7xx_hal_uart.o
    0x0800f10e   0x0800f10e   0x00000018   Code   RO         4363    i.UART_DMAAbortOnError  stm32h7xx_hal_uart.o
    0x0800f126   0x0800f126   0x0000005e   Code   RO         4364    i.UART_DMAError     stm32h7xx_hal_uart.o
    0x0800f184   0x0800f184   0x000000ae   Code   RO         4365    i.UART_DMAReceiveCplt  stm32h7xx_hal_uart.o
    0x0800f232   0x0800f232   0x00000026   Code   RO         4367    i.UART_DMARxHalfCplt  stm32h7xx_hal_uart.o
    0x0800f258   0x0800f258   0x00000054   Code   RO         4369    i.UART_DMATransmitCplt  stm32h7xx_hal_uart.o
    0x0800f2ac   0x0800f2ac   0x0000000e   Code   RO         4371    i.UART_DMATxHalfCplt  stm32h7xx_hal_uart.o
    0x0800f2ba   0x0800f2ba   0x00000002   PAD
    0x0800f2bc   0x0800f2bc   0x0000006c   Code   RO         4373    i.UART_EndRxTransfer  stm32h7xx_hal_uart.o
    0x0800f328   0x0800f328   0x00000030   Code   RO         4374    i.UART_EndTransmit_IT  stm32h7xx_hal_uart.o
    0x0800f358   0x0800f358   0x00000040   Code   RO         4375    i.UART_EndTxTransfer  stm32h7xx_hal_uart.o
    0x0800f398   0x0800f398   0x0000058c   Code   RO         4380    i.UART_SetConfig    stm32h7xx_hal_uart.o
    0x0800f924   0x0800f924   0x000000c8   Code   RO         4381    i.UART_Start_Receive_DMA  stm32h7xx_hal_uart.o
    0x0800f9ec   0x0800f9ec   0x000000a2   Code   RO         4387    i.UART_WaitOnFlagUntilTimeout  stm32h7xx_hal_uart.o
    0x0800fa8e   0x0800fa8e   0x00000002   PAD
    0x0800fa90   0x0800fa90   0x00000010   Code   RO          585    i.USART1_IRQHandler  stm32h7xx_it.o
    0x0800faa0   0x0800faa0   0x00000010   Code   RO          586    i.USART2_IRQHandler  stm32h7xx_it.o
    0x0800fab0   0x0800fab0   0x00000010   Code   RO          587    i.USART3_IRQHandler  stm32h7xx_it.o
    0x0800fac0   0x0800fac0   0x00000010   Code   RO          588    i.USART6_IRQHandler  stm32h7xx_it.o
    0x0800fad0   0x0800fad0   0x00000004   Code   RO          589    i.UsageFault_Handler  stm32h7xx_it.o
    0x0800fad4   0x0800fad4   0x000000a8   Code   RO         7205    i.Usart_Send_To_Show32  ano_tc.o
    0x0800fb7c   0x0800fb7c   0x00000288   Code   RO         6565    i.VMC_Jacobi_Matrix  dog.o
    0x0800fe04   0x0800fe04   0x00000070   Code   RO         7590    i.Vision_Recv_Data_Process  vision.o
    0x0800fe74   0x0800fe74   0x000000d4   Code   RO         7591    i.Vision_Recv_Start  vision.o
    0x0800ff48   0x0800ff48   0x000000e0   Code   RO         7592    i.Vision_Restart_IT  vision.o
    0x08010028   0x08010028   0x00000324   Code   RO         7120    i.Walk_Away         walk.o
    0x0801034c   0x0801034c   0x0000030c   Code   RO         7043    i.Walk_Away_Posctrl  pos_ctrl.o
    0x08010658   0x08010658   0x000001c0   Code   RO         7121    i.Yaw_Pos_Crol      walk.o
    0x08010818   0x08010818   0x00000010   Code   RO         7708    i.Yaw_Reset         imu.o
    0x08010828   0x08010828   0x00000026   Code   RO         7939    i.__ARM_fpclassifyf  m_wv.l(fpclassifyf.o)
    0x0801084e   0x0801084e   0x00000002   PAD
    0x08010850   0x08010850   0x00000010   Code   RO          844    i.__NVIC_GetPriorityGrouping  stm32h7xx_hal_cortex.o
    0x08010860   0x08010860   0x00000028   Code   RO          845    i.__NVIC_SetPriority  stm32h7xx_hal_cortex.o
    0x08010888   0x08010888   0x00000124   Code   RO         7855    i.__hardfp_acosf    m_wv.l(acosf.o)
    0x080109ac   0x080109ac   0x00000258   Code   RO         7867    i.__hardfp_atan2f   m_wv.l(atan2f.o)
    0x08010c04   0x08010c04   0x00000150   Code   RO         7879    i.__hardfp_cosf     m_wv.l(cosf.o)
    0x08010d54   0x08010d54   0x000000b0   Code   RO         7891    i.__hardfp_fmodf    m_wv.l(fmodf.o)
    0x08010e04   0x08010e04   0x00000194   Code   RO         7903    i.__hardfp_sinf     m_wv.l(sinf.o)
    0x08010f98   0x08010f98   0x0000003a   Code   RO         7915    i.__hardfp_sqrtf    m_wv.l(sqrtf.o)
    0x08010fd2   0x08010fd2   0x00000006   Code   RO         7942    i.__mathlib_flt_infnan  m_wv.l(funder.o)
    0x08010fd8   0x08010fd8   0x00000006   Code   RO         7943    i.__mathlib_flt_infnan2  m_wv.l(funder.o)
    0x08010fde   0x08010fde   0x00000002   PAD
    0x08010fe0   0x08010fe0   0x00000010   Code   RO         7944    i.__mathlib_flt_invalid  m_wv.l(funder.o)
    0x08010ff0   0x08010ff0   0x00000010   Code   RO         7947    i.__mathlib_flt_underflow  m_wv.l(funder.o)
    0x08011000   0x08011000   0x00000154   Code   RO         7955    i.__mathlib_rredf2  m_wv.l(rredf.o)
    0x08011154   0x08011154   0x00000080   Code   RO         6566    i.ano_tc            dog.o
    0x080111d4   0x080111d4   0x0000008c   Code   RO         6925    i.backflip_enter    backflip.o
    0x08011260   0x08011260   0x00000024   Code   RO         6926    i.backflip_exit     backflip.o
    0x08011284   0x08011284   0x0000016c   Code   RO         6927    i.backflip_run      backflip.o
    0x080113f0   0x080113f0   0x0000003c   Code   RO         7709    i.crc16_update      imu.o
    0x0801142c   0x0801142c   0x00000060   Code   RO         7641    i.crc32_core        a1_motor.o
    0x0801148c   0x0801148c   0x00000044   Code   RO         6776    i.crossleg_enter    action.o
    0x080114d0   0x080114d0   0x00000002   Code   RO         6233    i.crossleg_exit     fsm.o
    0x080114d2   0x080114d2   0x00000002   PAD
    0x080114d4   0x080114d4   0x00000034   Code   RO         6777    i.crossleg_run      action.o
    0x08011508   0x08011508   0x000000b4   Code   RO          301    i.debug_fun         freertos.o
    0x080115bc   0x080115bc   0x000004a6   Code   RO         7122    i.gait              walk.o
    0x08011a62   0x08011a62   0x00000002   PAD
    0x08011a64   0x08011a64   0x00000484   Code   RO         7044    i.gait_posctrl      pos_ctrl.o
    0x08011ee8   0x08011ee8   0x00000022   Code   RO         7287    i.get_float_from_4u8  my_uart.o
    0x08011f0a   0x08011f0a   0x00000002   PAD
    0x08011f0c   0x08011f0c   0x00000030   Code   RO         7710    i.get_imu_angle     imu.o
    0x08011f3c   0x08011f3c   0x00000144   Code   RO         7711    i.imu_data_process  imu.o
    0x08012080   0x08012080   0x000000a8   Code   RO         6981    i.jump_enter        jump.o
    0x08012128   0x08012128   0x00000002   Code   RO         6236    i.jump_exit         fsm.o
    0x0801212a   0x0801212a   0x00000002   Code   RO         6237    i.jump_hurdles_enter  fsm.o
    0x0801212c   0x0801212c   0x00000002   Code   RO         6238    i.jump_hurdles_exit  fsm.o
    0x0801212e   0x0801212e   0x00000002   Code   RO         6239    i.jump_hurdles_run  fsm.o
    0x08012130   0x08012130   0x00000158   Code   RO         6982    i.jump_run          jump.o
    0x08012288   0x08012288   0x0000003c   Code   RO         6778    i.keep_enter        action.o
    0x080122c4   0x080122c4   0x00000002   Code   RO         6242    i.keep_exit         fsm.o
    0x080122c6   0x080122c6   0x00000002   PAD
    0x080122c8   0x080122c8   0x00000180   Code   RO         6779    i.keep_run          action.o
    0x08012448   0x08012448   0x00000398   Code   RO         6567    i.leg_init          dog.o
    0x080127e0   0x080127e0   0x00000124   Code   RO         6568    i.line              dog.o
    0x08012904   0x08012904   0x0000006e   Code   RO         6569    i.line_Generator    dog.o
    0x08012972   0x08012972   0x00000002   PAD
    0x08012974   0x08012974   0x00000114   Code   RO         7045    i.line_Pos          pos_ctrl.o
    0x08012a88   0x08012a88   0x00000002   Code   RO         6244    i.line_enter        fsm.o
    0x08012a8a   0x08012a8a   0x00000002   Code   RO         6245    i.line_exit         fsm.o
    0x08012a8c   0x08012a8c   0x00000002   Code   RO         6246    i.line_run          fsm.o
    0x08012a8e   0x08012a8e   0x00000002   PAD
    0x08012a90   0x08012a90   0x000000dc   Code   RO           16    i.main              main.o
    0x08012b6c   0x08012b6c   0x0000000e   Code   RO         5707    i.makeFreeRtosPriority  cmsis_os.o
    0x08012b7a   0x08012b7a   0x00000002   PAD
    0x08012b7c   0x08012b7c   0x000000c4   Code   RO         7642    i.modify_data       a1_motor.o
    0x08012c40   0x08012c40   0x00000084   Code   RO         7643    i.motor_waiting     a1_motor.o
    0x08012cc4   0x08012cc4   0x00000018   Code   RO         5709    i.osDelay           cmsis_os.o
    0x08012cdc   0x08012cdc   0x0000000a   Code   RO         5712    i.osKernelStart     cmsis_os.o
    0x08012ce6   0x08012ce6   0x0000005e   Code   RO         5746    i.osThreadCreate    cmsis_os.o
    0x08012d44   0x08012d44   0x00000098   Code   RO         5378    i.prvAddCurrentTaskToDelayedList  tasks.o
    0x08012ddc   0x08012ddc   0x000000b4   Code   RO         5379    i.prvAddNewTaskToReadyList  tasks.o
    0x08012e90   0x08012e90   0x00000048   Code   RO         5380    i.prvCheckTasksWaitingTermination  tasks.o
    0x08012ed8   0x08012ed8   0x00000050   Code   RO         5381    i.prvDeleteTCB      tasks.o
    0x08012f28   0x08012f28   0x0000007c   Code   RO         6074    i.prvHeapInit       heap_4.o
    0x08012fa4   0x08012fa4   0x00000028   Code   RO         5382    i.prvIdleTask       tasks.o
    0x08012fcc   0x08012fcc   0x000000b4   Code   RO         5383    i.prvInitialiseNewTask  tasks.o
    0x08013080   0x08013080   0x00000068   Code   RO         5384    i.prvInitialiseTaskLists  tasks.o
    0x080130e8   0x080130e8   0x00000068   Code   RO         6075    i.prvInsertBlockIntoFreeList  heap_4.o
    0x08013150   0x08013150   0x00000034   Code   RO         5385    i.prvResetNextTaskUnblockTime  tasks.o
    0x08013184   0x08013184   0x00000040   Code   RO         6143    i.prvTaskExitError  port.o
    0x080131c4   0x080131c4   0x0000014c   Code   RO         6076    i.pvPortMalloc      heap_4.o
    0x08013310   0x08013310   0x0000002c   Code   RO         6144    i.pxPortInitialiseStack  port.o
    0x0801333c   0x0801333c   0x0000003e   Code   RO         7917    i.sqrtf             m_wv.l(sqrtf.o)
    0x0801337a   0x0801337a   0x00000002   PAD
    0x0801337c   0x0801337c   0x0000003c   Code   RO         6780    i.squat_enter       action.o
    0x080133b8   0x080133b8   0x00000002   Code   RO         6251    i.squat_exit        fsm.o
    0x080133ba   0x080133ba   0x00000002   PAD
    0x080133bc   0x080133bc   0x000000c4   Code   RO         6781    i.squat_run         action.o
    0x08013480   0x08013480   0x00000050   Code   RO         6782    i.stand_enter       action.o
    0x080134d0   0x080134d0   0x00000002   Code   RO         6783    i.stand_exit        action.o
    0x080134d2   0x080134d2   0x00000002   PAD
    0x080134d4   0x080134d4   0x00000048   Code   RO         6784    i.stand_run         action.o
    0x0801351c   0x0801351c   0x00000002   Code   RO         6785    i.start_enter       action.o
    0x0801351e   0x0801351e   0x00000002   Code   RO         6786    i.start_exit        action.o
    0x08013520   0x08013520   0x00000230   Code   RO         7764    i.start_race        speed_race.o
    0x08013750   0x08013750   0x00000002   Code   RO         6787    i.start_run         action.o
    0x08013752   0x08013752   0x00000002   Code   RO         6259    i.test1_enter       fsm.o
    0x08013754   0x08013754   0x00000002   Code   RO         6260    i.test1_exit        fsm.o
    0x08013756   0x08013756   0x00000002   Code   RO         6261    i.test1_run         fsm.o
    0x08013758   0x08013758   0x00000002   Code   RO         6262    i.test2_enter       fsm.o
    0x0801375a   0x0801375a   0x00000002   Code   RO         6263    i.test2_exit        fsm.o
    0x0801375c   0x0801375c   0x00000002   Code   RO         6264    i.test2_run         fsm.o
    0x0801375e   0x0801375e   0x00000002   Code   RO         6265    i.test3_enter       fsm.o
    0x08013760   0x08013760   0x00000002   Code   RO         6266    i.test3_exit        fsm.o
    0x08013762   0x08013762   0x00000002   Code   RO         6267    i.test3_run         fsm.o
    0x08013764   0x08013764   0x00000100   Code   RO         7288    i.usart1_start_recv  my_uart.o
    0x08013864   0x08013864   0x00000014   Code   RO         7289    i.usart2_start_recv  my_uart.o
    0x08013878   0x08013878   0x00000014   Code   RO         7290    i.usart3_start_recv  my_uart.o
    0x0801388c   0x0801388c   0x00000104   Code   RO         7291    i.usart4_start_recv  my_uart.o
    0x08013990   0x08013990   0x00000104   Code   RO         7292    i.usart5_start_recv  my_uart.o
    0x08013a94   0x08013a94   0x00000014   Code   RO         7293    i.usart6_start_recv  my_uart.o
    0x08013aa8   0x08013aa8   0x00000104   Code   RO         7294    i.usart7_start_recv  my_uart.o
    0x08013bac   0x08013bac   0x00000104   Code   RO         7295    i.usart8_start_recv  my_uart.o
    0x08013cb0   0x08013cb0   0x000001e4   Code   RO         7296    i.usart_reset       my_uart.o
    0x08013e94   0x08013e94   0x00000050   Code   RO         7297    i.usart_start_recv  my_uart.o
    0x08013ee4   0x08013ee4   0x00000028   Code   RO         5004    i.uxListRemove      list.o
    0x08013f0c   0x08013f0c   0x00000018   Code   RO          302    i.vApplicationGetIdleTaskMemory  freertos.o
    0x08013f24   0x08013f24   0x0000001a   Code   RO         5005    i.vListInitialise   list.o
    0x08013f3e   0x08013f3e   0x00000006   Code   RO         5006    i.vListInitialiseItem  list.o
    0x08013f44   0x08013f44   0x00000034   Code   RO         5007    i.vListInsert       list.o
    0x08013f78   0x08013f78   0x00000018   Code   RO         5008    i.vListInsertEnd    list.o
    0x08013f90   0x08013f90   0x00000054   Code   RO         6146    i.vPortEnterCritical  port.o
    0x08013fe4   0x08013fe4   0x0000003c   Code   RO         6147    i.vPortExitCritical  port.o
    0x08014020   0x08014020   0x000000a4   Code   RO         6077    i.vPortFree         heap_4.o
    0x080140c4   0x080140c4   0x00000028   Code   RO         6148    i.vPortSetupTimerInterrupt  port.o
    0x080140ec   0x080140ec   0x0000005c   Code   RO         5394    i.vTaskDelay        tasks.o
    0x08014148   0x08014148   0x000000b0   Code   RO         5407    i.vTaskStartScheduler  tasks.o
    0x080141f8   0x080141f8   0x00000010   Code   RO         5409    i.vTaskSuspendAll   tasks.o
    0x08014208   0x08014208   0x0000008c   Code   RO         5410    i.vTaskSwitchContext  tasks.o
    0x08014294   0x08014294   0x000000ac   Code   RO         7123    i.walk_enter        walk.o
    0x08014340   0x08014340   0x00000002   Code   RO         7124    i.walk_exit         walk.o
    0x08014342   0x08014342   0x00000002   PAD
    0x08014344   0x08014344   0x00000068   Code   RO         7125    i.walk_run          walk.o
    0x080143ac   0x080143ac   0x00000168   Code   RO         6150    i.xPortStartScheduler  port.o
    0x08014514   0x08014514   0x00000064   Code   RO         5413    i.xTaskCreate       tasks.o
    0x08014578   0x08014578   0x000000ba   Code   RO         5414    i.xTaskCreateStatic  tasks.o
    0x08014632   0x08014632   0x00000002   PAD
    0x08014634   0x08014634   0x00000148   Code   RO         5421    i.xTaskIncrementTick  tasks.o
    0x0801477c   0x0801477c   0x00000104   Code   RO         5427    i.xTaskResumeAll    tasks.o
    0x08014880   0x08014880   0x0000008c   Code   RO         7980    x$fpl$fnaninf       fz_wv.l(fnaninf.o)
    0x0801490c   0x0801490c   0x0000000a   Code   RO         8067    x$fpl$fpinit        fz_wv.l(fpinit.o)
    0x08014916   0x08014916   0x00000002   PAD
    0x08014918   0x08014918   0x000000f4   Code   RO         7936    x$fpl$frem          fz_wv.l(frem_clz.o)
    0x08014a0c   0x08014a0c   0x00000000   Code   RO         7938    x$fpl$usenofp       fz_wv.l(usenofp.o)
    0x08014a0c   0x08014a0c   0x00000054   Data   RO          304    .constdata          freertos.o
    0x08014a60   0x08014a60   0x00000008   Data   RO         1700    .constdata          stm32h7xx_hal_dma.o
    0x08014a68   0x08014a68   0x00000018   Data   RO         4388    .constdata          stm32h7xx_hal_uart.o
    0x08014a80   0x08014a80   0x00000010   Data   RO         4759    .constdata          stm32h7xx_hal_uart_ex.o
    0x08014a90   0x08014a90   0x00000010   Data   RO         4868    .constdata          system_stm32h7xx.o
    0x08014aa0   0x08014aa0   0x00000020   Data   RO         7956    .constdata          m_wv.l(rredf.o)
    0x08014ac0   0x08014ac0   0x0000001a   Data   RO          305    .conststring        freertos.o
    0x08014ada   0x08014ada   0x00000002   PAD
    0x08014adc   0x08014adc   0x00000020   Data   RO         8123    Region$$Table       anon$$obj.o


    Execution Region RW_IRAM1 (Exec base: 0x20000000, Load base: 0x08014afc, Size: 0x00000000, Max: 0x00020000, ABSOLUTE)

    **** No section assigned to this execution region ****


    Execution Region RW_IRAM2 (Exec base: 0x24000000, Load base: 0x08014afc, Size: 0x00007dc8, Max: 0x00080000, ABSOLUTE, COMPRESSED[0x000004bc])

    Exec Addr    Load Addr    Size         Type   Attr      Idx    E Section Name        Object

    0x24000000   COMPRESSED   0x0000002c   Data   RW          306    .data               freertos.o
    0x2400002c   COMPRESSED   0x00000009   Data   RW         2438    .data               stm32h7xx_hal.o
    0x24000035   COMPRESSED   0x00000003   PAD
    0x24000038   COMPRESSED   0x00000008   Data   RW         4869    .data               system_stm32h7xx.o
    0x24000040   COMPRESSED   0x0000003c   Data   RW         5430    .data               tasks.o
    0x2400007c   COMPRESSED   0x00000020   Data   RW         6083    .data               heap_4.o
    0x2400009c   COMPRESSED   0x0000000c   Data   RW         6151    .data               port.o
    0x240000a8   COMPRESSED   0x00000108   Data   RW         6271    .data               fsm.o
    0x240001b0   COMPRESSED   0x000003ac   Data   RW         6788    .data               action.o
    0x2400055c   COMPRESSED   0x000004cc   Data   RW         6928    .data               backflip.o
    0x24000a28   COMPRESSED   0x00001220   Data   RW         6983    .data               jump.o
    0x24001c48   COMPRESSED   0x00000024   Data   RW         7046    .data               pos_ctrl.o
    0x24001c6c   COMPRESSED   0x000002b0   Data   RW         7126    .data               walk.o
    0x24001f1c   COMPRESSED   0x00000010   Data   RW         7236    .data               timer.o
    0x24001f2c   COMPRESSED   0x00000008   Data   RW         7299    .data               my_uart.o
    0x24001f34   COMPRESSED   0x00000001   Data   RW         7556    .data               sbus.o
    0x24001f35   COMPRESSED   0x00000003   PAD
    0x24001f38   COMPRESSED   0x00000004   Data   RW         7713    .data               imu.o
    0x24001f3c   COMPRESSED   0x00000134   Data   RW         7765    .data               speed_race.o
    0x24002070   COMPRESSED   0x0000000c   Data   RW         7807    .data               obstacle_course.o
    0x2400207c        -       0x00000254   Zero   RW          303    .bss                freertos.o
    0x240022d0        -       0x00000130   Zero   RW          422    .bss                tim.o
    0x24002400        -       0x000009c8   Zero   RW          486    .bss                usart.o
    0x24002dc8        -       0x0000004c   Zero   RW          789    .bss                stm32h7xx_hal_timebase_tim.o
    0x24002e14        -       0x000000f0   Zero   RW         5429    .bss                tasks.o
    0x24002f04        -       0x00003c00   Zero   RW         6082    .bss                heap_4.o
    0x24006b04        -       0x00000390   Zero   RW         6570    .bss                dog.o
    0x24006e94        -       0x00000031   Zero   RW         7206    .bss                ano_tc.o
    0x24006ec5   COMPRESSED   0x00000001   PAD
    0x24006ec6        -       0x00000290   Zero   RW         7298    .bss                my_uart.o
    0x24007156   COMPRESSED   0x00000002   PAD
    0x24007158        -       0x00000014   Zero   RW         7409    .bss                delay_dwt.o
    0x2400716c        -       0x0000011e   Zero   RW         7474    .bss                bluetooth.o
    0x2400728a        -       0x0000002a   Zero   RW         7555    .bss                sbus.o
    0x240072b4        -       0x00000024   Zero   RW         7593    .bss                vision.o
    0x240072d8        -       0x00000436   Zero   RW         7644    .bss                a1_motor.o
    0x2400770e   COMPRESSED   0x00000002   PAD
    0x24007710        -       0x00000058   Zero   RW         7712    .bss                imu.o
    0x24007768        -       0x00000060   Zero   RW         7983    .bss                c_w.l(libspace.o)
    0x240077c8        -       0x00000200   Zero   RW            2    HEAP                startup_stm32h743xx.o
    0x240079c8        -       0x00000400   Zero   RW            1    STACK               startup_stm32h743xx.o


==============================================================================

Image component sizes


      Code (inc. data)   RO Data    RW Data    ZI Data      Debug   Object Name

       916         70          0          0       1078       5412   a1_motor.o
      3350        218          0        940          0      15352   action.o
       168         10          0          0         49       1303   ano_tc.o
     10256        262          0       1228          0       7431   backflip.o
       644         28          0          0        286       5684   bluetooth.o
       142          0          0          0          0      23087   cmsis_os.o
       324         42          0          0         20       3976   delay_dwt.o
       240          6          0          0          0        890   dma.o
      6650        206          0          0        912      22125   dog.o
         0          0          0          0          0      16928   event_groups.o
       414         38        110         44        596       4386   freertos.o
       262         30          0        264          0      11829   fsm.o
       244         10          0          0          0       1083   gpio.o
       724         74          0         32      15360       7467   heap_4.o
       656         40          0          4         88       4678   imu.o
      3896         94          0       4640          0       5105   jump.o
       148          0          0          0          0       3610   list.o
       522         52          0          0          0    1313459   main.o
      4472        338          0          8        656      12057   my_uart.o
      1656        138          0         12          0       2124   obstacle_course.o
       894         78          0         12          0      11228   port.o
      4948         84          0         36          0       8334   pos_ctrl.o
       464         26          0          1         42       1864   sbus.o
      2416        196          0        308          0       5074   speed_race.o
        64         26        664          0       1536        852   startup_stm32h743xx.o
       132         28          0          9          0      21471   stm32h7xx_hal.o
       258         22          0          0          0      39318   stm32h7xx_hal_cortex.o
      8668        168          8          0          0      13901   stm32h7xx_hal_dma.o
       520         52          0          0          0       2132   stm32h7xx_hal_gpio.o
        48          6          0          0          0        826   stm32h7xx_hal_msp.o
        96          6          0          0          0        781   stm32h7xx_hal_pwr_ex.o
      3748        124          0          0          0       7617   stm32h7xx_hal_rcc.o
      5300        108          0          0          0       7329   stm32h7xx_hal_rcc_ex.o
      1374         86          0          0          0       9855   stm32h7xx_hal_tim.o
       210         30          0          0          0       3176   stm32h7xx_hal_tim_ex.o
       148         20          0          0         76       1504   stm32h7xx_hal_timebase_tim.o
      4756        174         24          0          0      39264   stm32h7xx_hal_uart.o
       546         10         16          0          0       7193   stm32h7xx_hal_uart_ex.o
       406        144          0          0          0      15038   stm32h7xx_it.o
         0          0          0          0          0        392   stream_buffer.o
       252         40         16          8          0       1310   system_stm32h7xx.o
      2158        270          0         60        240      20569   tasks.o
       684         48          0          0        304       3873   tim.o
       136         40          0         16          0       2166   timer.o
      2848        214          0          0       2504       7970   usart.o
       548         38          0          0         36       3169   vision.o
      2770         94          0        688          0       8934   walk.o

    ----------------------------------------------------------------------
     80136       3788        872       8316      23788    1713126   Object Totals
         0          0         32          0          0          0   (incl. Generated)
        60          0          2          6          5          0   (incl. Padding)

    ----------------------------------------------------------------------

      Code (inc. data)   RO Data    RW Data    ZI Data      Debug   Library Member Name

       100          0          0          0          0          0   __dclz77c.o
         8          0          0          0          0         68   __main.o
         0          0          0          0          0          0   __rtentry.o
        12          0          0          0          0          0   __rtentry2.o
         6          0          0          0          0          0   __rtentry4.o
        52          8          0          0          0          0   __scatter.o
        28          0          0          0          0          0   __scatter_zi.o
        22          0          0          0          0        100   _rserrno.o
        18          0          0          0          0         80   exit.o
         6          0          0          0          0        152   heapauxi.o
         0          0          0          0          0          0   indicate_semi.o
         2          0          0          0          0          0   libinit.o
         6          0          0          0          0          0   libinit2.o
         2          0          0          0          0          0   libshutdown.o
         2          0          0          0          0          0   libshutdown2.o
         8          4          0          0         96         68   libspace.o
       238          0          0          0          0        100   lludivv7m.o
         8          4          0          0          0         68   rt_errno_addr_intlibspace.o
        78          0          0          0          0         80   rt_memclr_w.o
       138          0          0          0          0         68   rt_memcpy_v6.o
       100          0          0          0          0         80   rt_memcpy_w.o
         2          0          0          0          0          0   rtexit.o
        10          0          0          0          0          0   rtexit2.o
        12          4          0          0          0         68   sys_exit.o
        74          0          0          0          0         80   sys_stackheap_outer.o
         2          0          0          0          0         68   use_no_semi.o
       140          4          0          0          0        132   fnaninf.o
        10          0          0          0          0        116   fpinit.o
       244          8          0          0          0        132   frem_clz.o
         0          0          0          0          0          0   usenofp.o
       292         58          0          0          0        176   acosf.o
       600         98          0          0          0        184   atan2f.o
       336         60          0          0          0        136   cosf.o
       176          0          0          0          0        168   fmodf.o
        38          0          0          0          0        116   fpclassifyf.o
        44         12          0          0          0        464   funder.o
       340         24         32          0          0        160   rredf.o
       404         60          0          0          0        212   sinf.o
       120          0          0          0          0        272   sqrtf.o

    ----------------------------------------------------------------------
      3692        344         32          0         96       3348   Library Totals
        14          0          0          0          0          0   (incl. Padding)

    ----------------------------------------------------------------------

      Code (inc. data)   RO Data    RW Data    ZI Data      Debug   Library Name

       934         20          0          0         96       1080   c_w.l
       394         12          0          0          0        380   fz_wv.l
      2350        312         32          0          0       1888   m_wv.l

    ----------------------------------------------------------------------
      3692        344         32          0         96       3348   Library Totals

    ----------------------------------------------------------------------

==============================================================================


      Code (inc. data)   RO Data    RW Data    ZI Data      Debug   

     83828       4132        904       8316      23884    1683206   Grand Totals
     83828       4132        904       1212      23884    1683206   ELF Image Totals (compressed)
     83828       4132        904       1212          0          0   ROM Totals

==============================================================================

    Total RO  Size (Code + RO Data)                84732 (  82.75kB)
    Total RW  Size (RW Data + ZI Data)             32200 (  31.45kB)
    Total ROM Size (Code + RO Data + RW Data)      85944 (  83.93kB)

==============================================================================

