<html>
<body>
<pre>
<h1>礦ision Build Log</h1>
<h2>Tool Versions:</h2>
IDE-Version: μVision V5.24.2.0
Copyright (C) 2017 ARM Ltd and ARM Germany GmbH. All rights reserved.
License Information: 111 LRX, 111, LIC=FQQGK-Z3G1I-SFAI0-B47XA-6RJ7H-CHX82
 
Tool Versions:
Toolchain:       MDK-ARM Professional  Version: 5.24.1
Toolchain Path:  D:\rob\keil2\ARM\ARMCC\Bin
C Compiler:      Armcc.exe V5.06 update 5 (build 528)
Assembler:       Armasm.exe V5.06 update 5 (build 528)
Linker/Locator:  ArmLink.exe V5.06 update 5 (build 528)
Library Manager: ArmAr.exe V5.06 update 5 (build 528)
Hex Converter:   FromElf.exe V5.06 update 5 (build 528)
CPU DLL:         SARMCM3.DLL V5.24.1
Dialog DLL:      DCM.DLL V1.16.0.0
Target DLL:      CMSIS_AGDI.dll V1.28.3.0
Dialog DLL:      TCM.DLL V1.32.0.0
 
<h2>Project:</h2>
C:\Users\LRX\Documents\git\Lucky_new(github)\MDK-ARM\Lucky.uvprojx
Project File Date:  07/05/2024

<h2>Output:</h2>
*** Using Compiler 'V5.06 update 5 (build 528)', folder: 'D:\rob\keil2\ARM\ARMCC\Bin'
Rebuild target 'Lucky'
assembling startup_stm32h743xx.s...
compiling stm32h7xx_hal_flash_ex.c...
compiling dma.c...
compiling usart.c...
compiling stm32h7xx_hal_timebase_tim.c...
compiling stm32h7xx_it.c...
compiling stm32h7xx_hal_cortex.c...
compiling freertos.c...
../Core/Src/freertos.c(321): warning:  #188-D: enumerated type mixed with another type
    gait_param.Dire = Rx.Short_data[35];
../Core/Src/freertos.c(326): warning:  #188-D: enumerated type mixed with another type
    leg[0].ctrl_state = Rx.Short_data[40];
../Core/Src/freertos.c(444): warning:  #188-D: enumerated type mixed with another type
    leg[0].ctrl_state = Rx.Short_data[0];
../Core/Src/freertos.c: 3 warnings, 0 errors
compiling stm32h7xx_hal_flash.c...
compiling stm32h7xx_hal_msp.c...
compiling gpio.c...
compiling stm32h7xx_hal_gpio.c...
compiling tim.c...
compiling stm32h7xx_hal_mdma.c...
compiling stm32h7xx_hal_hsem.c...
compiling stm32h7xx_hal_rcc_ex.c...
compiling stm32h7xx_hal_rcc.c...
compiling main.c...
compiling croutine.c...
compiling list.c...
compiling event_groups.c...
compiling stm32h7xx_hal_pwr.c...
compiling queue.c...
compiling stream_buffer.c...
compiling timers.c...
compiling tasks.c...
compiling heap_4.c...
compiling cmsis_os.c...
compiling port.c...
compiling stm32h7xx_hal_dma_ex.c...
compiling stm32h7xx_hal_dma.c...
compiling stm32h7xx_hal_uart_ex.c...
compiling stm32h7xx_hal_pwr_ex.c...
compiling stm32h7xx_hal_i2c.c...
compiling stm32h7xx_hal.c...
compiling stm32h7xx_hal_i2c_ex.c...
compiling dog.c...
..\My\dog.c(402): warning:  #186-D: pointless comparison of unsigned integer with zero
      if (legid <= 3 && legid >= 0) // 严防数组越界
..\My\dog.c(532): warning:  #186-D: pointless comparison of unsigned integer with zero
      if (legid <= 3 && legid >= 0) // 严防数组越界
..\My\dog.c(565): warning:  #186-D: pointless comparison of unsigned integer with zero
      if (legid <= 3 && legid >= 0) // 严防数组越界
..\My\dog.c(604): warning:  #186-D: pointless comparison of unsigned integer with zero
      if (legid <= 3 && legid >= 0) // 严防数组越界
..\My\dog.c(639): warning:  #186-D: pointless comparison of unsigned integer with zero
      if (legid <= 3 && legid >= 0) // 严防数组越界
..\My\dog.c(823): warning:  #1035-D: single-precision operand implicitly converted to double-precision
      return (1 - 
IRST_LAG_PROPORTION) * first_order_value + 
IRST_LAG_PROPORTION * Input_Value;
..\My\dog.c(820): warning:  #550-D: parameter "first_order_last_value"  was set but never used
  float VMC_Filter(float Input_Value, float filter_buf[], float Max_AMP, float first_order_value, float first_order_last_value)
..\My\dog.c: 7 warnings, 0 errors
compiling system_stm32h7xx.c...
compiling stm32h7xx_hal_tim.c...
compiling jump.c...
..\My\jump.c(150): warning:  #186-D: pointless comparison of unsigned integer with zero
      if (legid <= 3 && legid >= 0) // 严防数组越界
..\My\jump.c: 1 warning, 0 errors
compiling action.c...
compiling stm32h7xx_hal_exti.c...
compiling stm32h7xx_hal_tim_ex.c...
compiling stm32h7xx_hal_uart.c...
compiling fsm.c...
compiling Backflip.c...
..\My\Backflip.c(47): warning:  #186-D: pointless comparison of unsigned integer with zero
      if (legid <= 3 && legid >= 0) // 防数组越界
..\My\Backflip.c(272): warning:  #186-D: pointless comparison of unsigned integer with zero
      if (legid <= 3 && legid >= 0) // 防数组越界
..\My\Backflip.c: 2 warnings, 0 errors
compiling ANO_TC.c...
compiling pos_ctrl.c...
..\My\pos_ctrl.c(15): warning:  #186-D: pointless comparison of unsigned integer with zero
      if (legid <= 3 && legid >= 0) // 严防数组越界
..\My\pos_ctrl.c(41): warning:  #186-D: pointless comparison of unsigned integer with zero
      if (legid <= 3 && legid >= 0) // 严防数组越界
..\My\pos_ctrl.c(68): warning:  #186-D: pointless comparison of unsigned integer with zero
      if (legid <= 3 && legid >= 0) // 严防数组越界
..\My\pos_ctrl.c(95): warning:  #186-D: pointless comparison of unsigned integer with zero
      if (legid <= 3 && legid >= 0) // 严防数组越界
..\My\pos_ctrl.c(112): warning:  #186-D: pointless comparison of unsigned integer with zero
      if (legid <= 3 && legid >= 0) // 严防数组越界
..\My\pos_ctrl.c(199): warning:  #177-D: variable "t_former"  was declared but never referenced
          float t_former = t;             // 暂存原来的时间t
..\My\pos_ctrl.c(238): warning:  #1035-D: single-precision operand implicitly converted to double-precision
               ((gait_param->t) >= (0.5f * gait_param->term) && (gait_param->t) <= (0.5f * gait_param->term + 0.001) &&
..\My\pos_ctrl.c(239): warning:  #1035-D: single-precision operand implicitly converted to double-precision
                ((gait_param->last_t) >= (0.5f * gait_param->term)) && (gait_param->last_t) <= (0.5f * gait_param->term + 0.001))) // 腿1腿3摆动相,腿0腿2支撑相
..\My\pos_ctrl.c(291): warning:  #186-D: pointless comparison of unsigned integer with zero
      if (legid <= 3 && legid >= 0) // 严防数组越界
..\My\pos_ctrl.c: 9 warnings, 0 errors
compiling Bluetooth.c...
compiling imu.c...
compiling A1_motor.c...
compiling my_uart.c...
compiling delay_DWT.c...
compiling SBUS.c...
compiling obstacle_course.c...
compiling vision.c...
compiling walk.c...
..\My\walk.c(196): warning:  #186-D: pointless comparison of unsigned integer with zero
      if (legid <= 3 && legid >= 0) // 严防数组越界
..\My\walk.c(287): warning:  #177-D: variable "t_former"  was declared but never referenced
          float t_former = t;             // 暂存原来的时间t
..\My\walk.c(299): warning:  #1035-D: single-precision operand implicitly converted to double-precision
          (((gait_param->t) <= 0.001) && ((gait_param->last_t <= 0.001)))) // 腿0腿2摆动相,腿1腿3支撑相
..\My\walk.c(299): warning:  #1035-D: single-precision operand implicitly converted to double-precision
          (((gait_param->t) <= 0.001) && ((gait_param->last_t <= 0.001)))) // 腿0腿2摆动相,腿1腿3支撑相
..\My\walk.c(332): warning:  #1035-D: single-precision operand implicitly converted to double-precision
               ((gait_param->t) >= (0.5f * gait_param->term) && (gait_param->t) <= (0.5f * gait_param->term + 0.001) &&
..\My\walk.c(333): warning:  #1035-D: single-precision operand implicitly converted to double-precision
                ((gait_param->last_t) >= (0.5f * gait_param->term)) && (gait_param->last_t) <= (0.5f * gait_param->term + 0.001))) // 腿1腿3摆动相,腿0腿2支撑相
..\My\walk.c: 6 warnings, 0 errors
compiling timer.c...
..\My\timer.c(24): warning:  #177-D: variable "tick"  was declared but never referenced
  static float tick = 0;
..\My\timer.c(25): warning:  #550-D: variable "tick_increment"  was set but never used
  static float tick_increment = 0;
..\My\timer.c: 2 warnings, 0 errors
compiling speed_race.c...
linking...
Program Size: Code=83828 RO-data=904 RW-data=8316 ZI-data=23884  
FromELF: creating hex file...
"Lucky\Lucky.axf" - 0 Error(s), 30 Warning(s).

<h2>Software Packages used:</h2>

Package Vendor: ARM
                http://www.keil.com/pack/ARM.CMSIS.5.9.0.pack
                ARM.CMSIS.5.9.0
                CMSIS (Common Microcontroller Software Interface Standard)
   * Component: CORE Version: 5.6.0

Package Vendor: Keil
                https://www.keil.com/pack/Keil.STM32H7xx_DFP.3.1.0.pack
                Keil.STM32H7xx_DFP.3.1.0
                STMicroelectronics STM32H7 Series Device Support and Examples

<h2>Collection of Component include folders:</h2>
  .\RTE\_Lucky
  D:\rob\keil\ARM\CMSIS\5.9.0\CMSIS\Core\Include
  D:\rob\keil\Keil\STM32H7xx_DFP\3.1.0\Drivers\CMSIS\Device\ST\STM32H7xx\Include

<h2>Collection of Component Files used:</h2>

   * Component: ARM::CMSIS:CORE:5.6.0
      Include file:  CMSIS\Core\Include\tz_context.h
Build Time Elapsed:  00:01:36
</pre>
</body>
</html>
